Script started on 2026-07-12 19:38:54+07:00 [TERM="screen" TTY="/dev/pts/20" COLUMNS="141" LINES="54"]
[?2004heltex-v2@eltex-2026-summer:~$ man journalctl
[?2004l[?1049h[?1h=JOURNALCTL(1)                                                   journalctl                                                  JOURNALCTL(1)[m
[m
[1mNAME[0m[m
       journalctl - Query the systemd journal[m
[m
[1mSYNOPSIS[0m[m
       [1mjournalctl[0m [OPTIONS...] [MATCHES...][m
[m
[1mDESCRIPTION[0m[m
       [1mjournalctl[0m may be used to query the contents of the [1msystemd[0m(1) journal as written by [1msystemd-journald.service[0m(8).[m
[m
       If called without parameters, it will show the full contents of the journal, starting with the oldest entry collected.[m
[m
       If one or more match arguments are passed, the output is filtered accordingly. A match is in the format "FIELD=VALUE", e.g.[m
       "_SYSTEMD_UNIT=httpd.service", referring to the components of a structured journal entry. See [1msystemd.journal-fields[0m(7) for a list[m
       of well-known fields. If multiple matches are specified matching different fields, the log entries are filtered by both, i.e. the[m
       resulting output will show only entries matching all the specified matches of this kind. If two matches apply to the same field,[m
       then they are automatically matched as alternatives, i.e. the resulting output will show entries matching any of the specified[m
       matches for the same field. Finally, the character "+" may appear as a separate word between other terms on the command line. This[m
       causes all matches before and after to be combined in a disjunction (i.e. logical OR).[m
[m
       It is also possible to filter the entries by specifying an absolute file path as an argument. The file path may be a file or a[m
       symbolic link and the file must exist at the time of the query. If a file path refers to an executable binary, an "_EXE=" match[m
       for the canonicalized binary path is added to the query. If a file path refers to an executable script, a "_COMM=" match for the[m
       script name is added to the query. If a file path refers to a device node, "_KERNEL_DEVICE=" matches for the kernel name of the[m
       device and for each of its ancestor devices is added to the query. Symbolic links are dereferenced, kernel names are synthesized,[m
       and parent devices are identified from the environment at the time of the query. In general, a device node is the best proxy for[m
       an actual device, as log entries do not usually contain fields that identify an actual device. For the resulting log entries to be[m
       correct for the actual device, the relevant parts of the environment at the time the entry was logged, in particular the actual[m
       device corresponding to the device node, must have been the same as those at the time of the query. Because device nodes generally[m
       change their corresponding devices across reboots, specifying a device node path causes the resulting entries to be restricted to[m
       those from the current boot.[m
[m
       Additional constraints may be added using options [1m--boot[0m, [1m--unit=[0m, etc., to further limit what entries will be shown (logical[m
       AND).[m
[m
       Output is interleaved from all accessible journal files, whether they are rotated or currently being written, and regardless of[m
       whether they belong to the system itself or are accessible user journals. The [1m--header[0m option can be used to identify which files[m
       [4mare[24m being shown.[m
[m
       The set of journal files which will be used can be modified using the [1m--user[0m, [1m--system[0m, [1m--directory[0m, and [1m--file[0m options, see[m
       below.[m
[m
       All users are granted access to their private per-user journals. However, by default, only root and users who are members of a few[m
       special groups are granted access to the system journal and the journals of other users. Members of the groups "systemd-journal",[m
       "adm", and "wheel" can read all journal files. Note that the two latter groups traditionally have additional privileges specified[m
       by the distribution. Members of the "wheel" group can often perform administrative tasks.[m
[m
       The output is paged through [1mless[0m by default, and long lines are "truncated" to screen width. The hidden part can be viewed by[m
       using the left-arrow and right-arrow keys. Paging can be disabled; see the [1m--no-pager[0m option and the "Environment" section below.[m
[m
       When outputting to a tty, lines are colored according to priority: lines of level ERROR and higher are colored red; lines of level[m
       NOTICE and higher are highlighted; lines of level DEBUG are colored lighter grey; other lines are displayed normally.[m
[3m Manual page journalctl(1) line 1 (press h for help or q to quit)[23m[K[K [KESCESC[KOO[KBB[K[m
[3m Manual page journalctl(1) line 2 (press h for help or q to quit)[23m[K[K [KESCESC[KOO[KBB[K[1mSOURCE[0m [1mOPTIONS[0m[m
[3m Manual page journalctl(1) line 3 (press h for help or q to quit)[23m[K[K [KESCESC[KOO[KBB[K       The following options control where to read journal records from:[m
[3m Manual page journalctl(1) line 4 (press h for help or q to quit)[23m[K[K [KESCESC[KOO[KBB[K[m
[3m Manual page journalctl(1) line 5 (press h for help or q to quit)[23m[K[K [KESCESC[KOO[KBB[K       [1m--system[0m, [1m--user[0m[m
[3m Manual page journalctl(1) line 6 (press h for help or q to quit)[23m[K[K [KESCESC[KOO[KBB[K           Show messages from system services and the kernel (with [1m--system[0m). Show messages from service of current user (with [1m--user[0m).[m
[3m Manual page journalctl(1) line 7 (press h for help or q to quit)[23m[K[K [KESCESC[KOO[KBB[K           If neither is specified, show all messages that the user can see.[m
[3m Manual page journalctl(1) line 8 (press h for help or q to quit)[23m[K[K [KESCESC[KOO[KBB[K[m
[3m Manual page journalctl(1) line 9 (press h for help or q to quit)[23m[K[K [KESCESC[KOO[KBB[K           The [1m--user[0m option affects how [1m--unit[0m arguments are treated. See [1m--unit[0m.[m
[3m Manual page journalctl(1) line 10 (press h for help or q to quit)[23m[K[K [KESCESC[KOO[KBB[K[m
[3m Manual page journalctl(1) line 11 (press h for help or q to quit)[23m[K[K [KESCESC[KOO[KBB[K       [1m-M[0m, [1m--machine=[0m[m
[3m Manual page journalctl(1) line 12 (press h for help or q to quit)[23m[K[K [KESCESC[KOO[KBB[K           Show messages from a running, local container. Specify a container name to connect to.[m
[3m Manual page journalctl(1) line 13 (press h for help or q to quit)[23m[K[K [KESCESC[KOO[KBB[K[m
[3m Manual page journalctl(1) line 14 (press h for help or q to quit)[23m[K[K [KESCESC[KOO[KBB[K       [1m-m[0m, [1m--merge[0m[m
[3m Manual page journalctl(1) line 15 (press h for help or q to quit)[23m[K[K [KESCESC[KOO[KBB[K           Show entries interleaved from all available journals, including remote ones.[m
[3m Manual page journalctl(1) line 16 (press h for help or q to quit)[23m[K[K [KESCESC[KOO[KBB[K[m
[3m Manual page journalctl(1) line 17 (press h for help or q to quit)[23m[K[K [KESCESC[KOO[KBB[K       [1m-D[0m [4mDIR[24m, [1m--directory=[0m[4mDIR[24m[m
[3m Manual page journalctl(1) line 18 (press h for help or q to quit)[23m[K[K [KESCESC[KOO[KBB[K           Takes a directory path as argument. If specified, journalctl will operate on the specified journal directory [4mDIR[24m instead of[m
[3m Manual page journalctl(1) line 19 (press h for help or q to quit)[23m[K[K [KESCESC[KOO[KBB[K           the default runtime and system journal paths.[m
[3m Manual page journalctl(1) line 20 (press h for help or q to quit)[23m[K[K [KESCESC[KOO[KBB[K[m
[3m Manual page journalctl(1) line 21 (press h for help or q to quit)[23m[K[K [KESCESC[KOO[KBB[K       [1m--file=[0m[4mGLOB[24m[m
[3m Manual page journalctl(1) line 22 (press h for help or q to quit)[23m[K[K [KESCESC[KOO[KBB[K           Takes a file glob as an argument. If specified, journalctl will operate on the specified journal files matching [4mGLOB[24m instead[m
[3m Manual page journalctl(1) line 23 (press h for help or q to quit)[23m[K[K [KESCESC[KOO[KBB[K           of the default runtime and system journal paths. May be specified multiple times, in which case files will be suitably[m
[3m Manual page journalctl(1) line 24 (press h for help or q to quit)[23m[K[K [KESCESC[KOO[KBB[K           interleaved.[m
[3m Manual page journalctl(1) line 25 (press h for help or q to quit)[23m[K[K [KESCESC[KOO[KBB[K[m
[3m Manual page journalctl(1) line 26 (press h for help or q to quit)[23m[K[K [KESCESC[KOO[KBB[K       [1m--root=[0m[4mROOT[24m[m
[3m Manual page journalctl(1) line 27 (press h for help or q to quit)[23m[K[K [KESCESC[KOO[KBB[K           Takes a directory path as an argument. If specified, [1mjournalctl[0m will operate on journal directories and catalog file hierarchy[m
[3m Manual page journalctl(1) line 28 (press h for help or q to quit)[23m[K[K [KESCESC[KOO[KBB[K           underneath the specified directory instead of the root directory (e.g.  [1m--update-catalog[0m will create[m
[3m Manual page journalctl(1) line 29 (press h for help or q to quit)[23m[K[K [KESCESC[KOO[KBB[K           [4mROOT[24m/var/lib/systemd/catalog/database, and journal files under [4mROOT[24m/run/journal/ or [4mROOT[24m/var/log/journal/ will be displayed).[m
[3m Manual page journalctl(1) line 30 (press h for help or q to quit)[23m[K[K [KESCESC[KOO[KBB[K[m
[3m Manual page journalctl(1) line 31 (press h for help or q to quit)[23m[K[K [KESCESC[KOO[KBB[K       [1m--image=[0m[4mIMAGE[24m[m
[3m Manual page journalctl(1) line 32 (press h for help or q to quit)[23m[K[K [KESCESC[KOO[KBB[K           Takes a path to a disk image file or block device node. If specified, [1mjournalctl[0m will operate on the file system in the[m
[3m Manual page journalctl(1) line 33 (press h for help or q to quit)[23m[K[K [KESCESC[KOO[KBB[K           indicated disk image. This option is similar to [1m--root=[0m, but operates on file systems stored in disk images or block devices,[m
[3m Manual page journalctl(1) line 34 (press h for help or q to quit)[23m[K[K [KESCESC[KOO[KBB[K           thus providing an easy way to extract log data from disk images. The disk image should either contain just a file system or a[m
[3m Manual page journalctl(1) line 35 (press h for help or q to quit)[23m[K[K [KESCESC[KOO[KBB[K           set of file systems within a GPT partition table, following the [1mDiscoverable[0m [1mPartitions[0m [1mSpecification[0m[1]. For further[m
[3m Manual page journalctl(1) line 36 (press h for help or q to quit)[23m[K[K [KESCESC[KOO[KBB[K           information on supported disk images, see [1msystemd-nspawn[0m(1)'s switch of the same name.[m
[3m Manual page journalctl(1) line 37 (press h for help or q to quit)[23m[K[K [KESCESC[KOO[KBB[K[m
[3m Manual page journalctl(1) line 38 (press h for help or q to quit)[23m[K[K [KESCESC[KOO[KBB[K       [1m--namespace=[0m[4mNAMESPACE[24m[m
[3m Manual page journalctl(1) line 39 (press h for help or q to quit)[23m[K[K [KESCESC[KOO[KBB[K           Takes a journal namespace identifier string as argument. If not specified the data collected by the default namespace is[m
[3m Manual page journalctl(1) line 40 (press h for help or q to quit)[23m[K[K [KESCESC[KOO[KBB[K           shown. If specified shows the log data of the specified namespace instead. If the namespace is specified as "*" data from all[m
[3m Manual page journalctl(1) line 41 (press h for help or q to quit)[23m[K[K [KESCESC[KOO[KBB[K           namespaces is shown, interleaved. If the namespace identifier is prefixed with "+" data from the specified namespace and the[m
[3m Manual page journalctl(1) line 42 (press h for help or q to quit)[23m[K[K [KESCESC[KOO[KBB[K           default namespace is shown, interleaved, but no other. For details about journal namespaces see [1msystemd-journald.service[0m(8).[m
[3m Manual page journalctl(1) line 43 (press h for help or q to quit)[23m[K[K [KESCESC[KOO[KBB[K[m
[3m Manual page journalctl(1) line 44 (press h for help or q to quit)[23m[K[K [KESCESC[KOO[KBB[K[1mFILTERING[0m [1mOPTIONS[0m[m
[3m Manual page journalctl(1) line 45 (press h for help or q to quit)[23m[K[K [KESCESC[KOO[KBB[K       The following options control how to filter journal records:[m
[3m Manual page journalctl(1) line 46 (press h for help or q to quit)[23m[K[K [KESCESC[KOO[KBB[K[m
[3m Manual page journalctl(1) line 47 (press h for help or q to quit)[23m[K[K [KESCESC[KOO[KBB[K       [1m-S[0m, [1m--since=[0m, [1m-U[0m, [1m--until=[0m[m
[3m Manual page journalctl(1) line 48 (press h for help or q to quit)[23m[K[K [KESCESC[KOO[KBB[K           Start showing entries on or newer than the specified date, or on or older than the specified date, respectively. Date[m
[3m Manual page journalctl(1) line 49 (press h for help or q to quit)[23m[K[K [KESCESC[KOO[KBB[K           specifications should be of the format "2012-10-30 18:17:16". If the time part is omitted, "00:00:00" is assumed. If only the[m
[3m Manual page journalctl(1) line 50 (press h for help or q to quit)[23m[K[K [KESCESC[KOO[KBB[K           seconds component is omitted, ":00" is assumed. If the date component is omitted, the current day is assumed. Alternatively[m
[3m Manual page journalctl(1) line 51 (press h for help or q to quit)[23m[K[K [KESCESC[KOO[KBB[K           the strings "yesterday", "today", "tomorrow" are understood, which refer to 00:00:00 of the day before the current day, the[m
[3m Manual page journalctl(1) line 52 (press h for help or q to quit)[23m[K[K [KESCESC[KOO[KBB[K           current day, or the day after the current day, respectively.  "now" refers to the current time. Finally, relative times may be[m
[3m Manual page journalctl(1) line 53 (press h for help or q to quit)[23m[K[K [KESCESC[KOO[KBB[K           specified, prefixed with "-" or "+", referring to times before or after the current time, respectively. For complete time and[m
[3m Manual page journalctl(1) line 54 (press h for help or q to quit)[23m[K[K [KESCESC[KOO[KBB[K           date specification, see [1msystemd.time[0m(7). Note that [1m--output=short-full[0m prints timestamps that follow precisely this format.[m
[3m Manual page journalctl(1) line 55 (press h for help or q to quit)[23m[K[K [KESCESC[KOO[KBB[K[m
[3m Manual page journalctl(1) line 56 (press h for help or q to quit)[23m[K[K [KESCESC[KOO[KBB[K       [1m-c[0m, [1m--cursor=[0m[m
[3m Manual page journalctl(1) line 57 (press h for help or q to quit)[23m[K[K [KESCESC[KOO[KBB[K           Start showing entries from the location in the journal specified by the passed cursor.[m
[3m Manual page journalctl(1) line 58 (press h for help or q to quit)[23m[K[K [KESCESC[KOO[KBB[K[m
[3m Manual page journalctl(1) line 59 (press h for help or q to quit)[23m[K[K [KESCESC[KOO[KBB[K       [1m--after-cursor=[0m[m
[3m Manual page journalctl(1) line 60 (press h for help or q to quit)[23m[K[K [KESCESC[KOO[KBB[K           Start showing entries from the location in the journal [4mafter[24m the location specified by the passed cursor. The cursor is shown[m
[3m Manual page journalctl(1) line 61 (press h for help or q to quit)[23m[K[K [KESCESC[KOO[KBB[K           when the [1m--show-cursor[0m option is used.[m
[3m Manual page journalctl(1) line 62 (press h for help or q to quit)[23m[K[K [KESCESC[KOO[KBB[K[m
[3m Manual page journalctl(1) line 63 (press h for help or q to quit)[23m[K[K [KESCESC[KOO[KBB[K       [1m--cursor-file=[0m[4mFILE[24m[m
[3m Manual page journalctl(1) line 64 (press h for help or q to quit)[23m[K[K [KESCESC[KOO[KBB[K           If [4mFILE[24m exists and contains a cursor, start showing entries [4mafter[24m this location. Otherwise show entries according to the other[m
[3m Manual page journalctl(1) line 65 (press h for help or q to quit)[23m[K[K [KESCESC[KOO[KBB[K           given options. At the end, write the cursor of the last entry to [4mFILE[24m. Use this option to continually read the journal by[m
[3m Manual page journalctl(1) line 66 (press h for help or q to quit)[23m[K[K [KESCESC[KOO[KBB[K           sequentially calling [1mjournalctl[0m.[m
[3m Manual page journalctl(1) line 67 (press h for help or q to quit)[23m[K[K [KESCESC[KOO[KBB[K[m
[3m Manual page journalctl(1) line 68 (press h for help or q to quit)[23m[K[K [KESCESC[KOO[KBB[K       [1m-b[0m [1m[[[0m[4mID[24m][[4m±offset[24m]|[1mall[0m], [1m--boot[=[[0m[4mID[24m][[4m±offset[24m]|[1mall[0m][m
[3m Manual page journalctl(1) line 69 (press h for help or q to quit)[23m[K[K [KESCESC[KOO[KBB[K           Show messages from a specific boot. This will add a match for "_BOOT_ID=".[m
[3m Manual page journalctl(1) line 70 (press h for help or q to quit)[23m[K[K [KESCESC[KOO[KBB[K[m
[3m Manual page journalctl(1) line 71 (press h for help or q to quit)[23m[K[K [KESCESC[KOO[KBB[K           The argument may be empty, in which case logs for the current boot will be shown.[m
[3m Manual page journalctl(1) line 72 (press h for help or q to quit)[23m[K[K [KESCESC[KOO[KBB[K[m
[3m Manual page journalctl(1) line 73 (press h for help or q to quit)[23m[K[K [KESCESC[KOO[KBB[K           If the boot ID is omitted, a positive [4moffset[24m will look up the boots starting from the beginning of the journal, and an[m
[3m Manual page journalctl(1) line 74 (press h for help or q to quit)[23m[K[K [KESCESC[KOO[KBB[K           equal-or-less-than zero [4moffset[24m will look up boots starting from the end of the journal. Thus, [1m1[0m means the first boot found in[m
[3m Manual page journalctl(1) line 75 (press h for help or q to quit)[23m[K[K [KESCESC[KOO[KBB[K           the journal in chronological order, [1m2[0m the second and so on; while [1m-0[0m is the last boot, [1m-1[0m the boot before last, and so on. An[m
[3m Manual page journalctl(1) line 76 (press h for help or q to quit)[23m[K[K [KESCESC[KOO[KBB[K           empty [4moffset[24m is equivalent to specifying [1m-0[0m, except when the current boot is not the last boot (e.g. because [1m--directory[0m was[m
[3m Manual page journalctl(1) line 77 (press h for help or q to quit)[23m[K[K [KESCESC[KOO[KBB[K           specified to look at logs from a different machine).[m
[3m Manual page journalctl(1) line 78 (press h for help or q to quit)[23m[K[K [KESCESC[KOO[KBB[K[m
[3m Manual page journalctl(1) line 79 (press h for help or q to quit)[23m[K[K [KESCESC[KOO[KBB[K           If the 32-character [4mID[24m is specified, it may optionally be followed by [4moffset[24m which identifies the boot relative to the one[m
[3m Manual page journalctl(1) line 80 (press h for help or q to quit)[23m[K[K [KESCESC[KOO[KBB[K           given by boot [4mID[24m. Negative values mean earlier boots and positive values mean later boots. If [4moffset[24m is not specified, a value[m
[3m Manual page journalctl(1) line 81 (press h for help or q to quit)[23m[K[K [KESCESC[KOO[KBB[K           of zero is assumed, and the logs for the boot given by [4mID[24m are shown.[m
[3m Manual page journalctl(1) line 82 (press h for help or q to quit)[23m[K[K [KESCESC[KOO[KBB[K[m
[3m Manual page journalctl(1) line 83 (press h for help or q to quit)[23m[K[K [KESCESC[KOO[KBB[K           The special argument [1mall[0m can be used to negate the effect of an earlier use of [1m-b[0m.[m
[3m Manual page journalctl(1) line 84 (press h for help or q to quit)[23m[K[K [KESCESC[KOO[KBB[K[m
[3m Manual page journalctl(1) line 85 (press h for help or q to quit)[23m[K[K [KESCESC[KOO[KBB[K       [1m-u[0m, [1m--unit=[0m[4mUNIT[24m[1m|[0m[4mPATTERN[24m[m
[3m Manual page journalctl(1) line 86 (press h for help or q to quit)[23m[K[K [KESCESC[KOO[KBB[K           Show messages for the specified systemd unit [4mUNIT[24m (such as a service unit), or for any of the units matched by [4mPATTERN[24m. If a[m
[3m Manual page journalctl(1) line 87 (press h for help or q to quit)[23m[K[K [KESCESC[KOO[KBB[K           pattern is specified, a list of unit names found in the journal is compared with the specified pattern and all that match are[m
[3m Manual page journalctl(1) line 88 (press h for help or q to quit)[23m[K[K [KESCESC[KOO[KBB[K           used. For each unit name, a match is added for messages from the unit ("_SYSTEMD_UNIT=[4mUNIT[24m"), along with additional matches[m
[3m Manual page journalctl(1) line 89 (press h for help or q to quit)[23m[K[K [KESCESC[KOO[KBB[K           for messages from systemd and messages about coredumps for the specified unit. A match is also added for[m
[3m Manual page journalctl(1) line 90 (press h for help or q to quit)[23m[K[K [KESCESC[KOO[KBB[K           "_SYSTEMD_SLICE=[4mUNIT[24m", such that if the provided [4mUNIT[24m is a [1msystemd.slice[0m(5) unit, all logs of children of the slice will be[m
[3m Manual page journalctl(1) line 91 (press h for help or q to quit)[23m[K[K[?1l>[?1049l[?2004heltex-v2@eltex-2026-summer:~$ journalcrl -b -o shotr[Kt[K[Krt-monotonic | awk -F [K''{'[1P'[']'[']'[C ''$'2' ','<' '[1P'[1P'[1P'<' '2'0'[C[Keltex-v2@eltex-2026-summer:~$ journalcrl -b -o short-monotonic | awk -F'[][]' '$2 < 20'[Keltex-v2@eltex-2026-summer:~$ journalcrl -b -o short-monotonic | awk -F'[][]' '$2 < 20'[Keltex-v2@eltex-2026-summer:~$ journalcrl -b -o short-monotonic | awk -F'[][]' '$2 < 20'[Keltex-v2@eltex-2026-summer:~$ journalcrl -b -o short-monotonic | awk -F'[][]' '$2 < 20'[C[1P[1@t[C[C[C[C[C[C[C[C[C[C[C[C[C[C[C[C[C[C[C[C[C[C[C[C[C[C[C[C[C[C[C[C[C[C[C[C[C[C[C[C[C[C[C[C[C[C[C[C[C[C[C[C[C[C[C[C[C
[?2004lHint: You are currently not seeing messages from other users and the system.
      Users in groups 'adm', 'systemd-journal' can see all messages.
      Pass -q to turn off this notice.
[?2004heltex-v2@eltex-2026-summer:~$ [Keltex-v2@eltex-2026-summer:~$ [Keltex-v2@eltex-2026-summer:~$ journalctl -b -o short-monotonic | awk -F'[][]' '$2 < 20'[1@ [1@s[1@u[1@d[1@o
[?2004l[sudo] password for eltex-v2: 
eltex-v2 is not in the sudoers file.
[?2004heltex-v2@eltex-2026-summer:~$ ssh root@[Keltex-v2@eltex-2026-summer:~$ ssh root@[Keltex-v2@eltex-2026-summer:~$ ssh root@172.16.9.176
[?2004lWelcome to Ubuntu 24.04.2 LTS (GNU/Linux 6.8.0-134-generic x86_64)

 * Documentation:  https://help.ubuntu.com
 * Management:     https://landscape.canonical.com
 * Support:        https://ubuntu.com/pro

 System information as of Sun Jul 12 12:49:25 PM UTC 2026

  System load:  0.0                Processes:              110
  Usage of /:   41.6% of 14.66GB   Users logged in:        0
  Memory usage: 6%                 IPv4 address for ens18: 172.16.9.176
  Swap usage:   0%


Expanded Security Maintenance for Applications is not enabled.

79 updates can be applied immediately.
1 of these updates is a standard security update.
To see these additional updates run: apt list --upgradable

1 additional security update can be applied with ESM Apps.
Learn more about enabling ESM Apps service at https://ubuntu.com/esm


Avksentyuk Nikita
Sun Jul 12 12:16:11 PM UTC 2026
Last login: Fri Jul 10 05:09:06 2026 from 172.16.8.4
[?2004hroot@eltex-practice2-v2:~# f[Kexit[Kjournalctl -b-[K -o short-monotonic | awl[Kk -F''{'[1P'[']'[']'[C ''$'2'<' '[1P'[1P' '<' '2'0'[C
[?2004l[    0.000000] localhost kernel: Linux version 6.8.0-134-generic (buildd@lcy02-amd64-007) (x86_64-linux-gnu-gcc-13 (Ubuntu 13.3.0-6ubuntu2~24.04.1) 13.3.0, GNU ld (GNU Binutils for Ubuntu) 2.42) #134-Ubuntu SMP PREEMPT_DYNAMIC Fri Jun 26 18:43:11 UTC 2026 (Ubuntu 6.8.0-134.134-generic 6.8.12)
[    0.000000] localhost kernel: Command line: BOOT_IMAGE=/vmlinuz-6.8.0-134-generic root=/dev/mapper/ubuntu--vg-ubuntu--lv ro
[    0.000000] localhost kernel: KERNEL supported cpus:
[    0.000000] localhost kernel:   Intel GenuineIntel
[    0.000000] localhost kernel:   AMD AuthenticAMD
[    0.000000] localhost kernel:   Hygon HygonGenuine
[    0.000000] localhost kernel:   Centaur CentaurHauls
[    0.000000] localhost kernel:   zhaoxin   Shanghai  
[    0.000000] localhost kernel: BIOS-provided physical RAM map:
[    0.000000] localhost kernel: BIOS-e820: [mem 0x0000000000000000-0x000000000009fbff] usable
[    0.000000] localhost kernel: BIOS-e820: [mem 0x000000000009fc00-0x000000000009ffff] reserved
[    0.000000] localhost kernel: BIOS-e820: [mem 0x00000000000f0000-0x00000000000fffff] reserved
[    0.000000] localhost kernel: BIOS-e820: [mem 0x0000000000100000-0x00000000bffd9fff] usable
[    0.000000] localhost kernel: BIOS-e820: [mem 0x00000000bffda000-0x00000000bfffffff] reserved
[    0.000000] localhost kernel: BIOS-e820: [mem 0x00000000feffc000-0x00000000feffffff] reserved
[    0.000000] localhost kernel: BIOS-e820: [mem 0x00000000fffc0000-0x00000000ffffffff] reserved
[    0.000000] localhost kernel: BIOS-e820: [mem 0x0000000100000000-0x000000013fffffff] usable
[    0.000000] localhost kernel: BIOS-e820: [mem 0x000000fd00000000-0x000000ffffffffff] reserved
[    0.000000] localhost kernel: NX (Execute Disable) protection: active
[    0.000000] localhost kernel: APIC: Static calls initialized
[    0.000000] localhost kernel: SMBIOS 2.8 present.
[    0.000000] localhost kernel: DMI: QEMU Standard PC (i440FX + PIIX, 1996), BIOS rel-1.17.0-0-gb52ca86e094d-prebuilt.qemu.org 04/01/2014
[    0.000000] localhost kernel: Hypervisor detected: KVM
[    0.000000] localhost kernel: kvm-clock: Using msrs 4b564d01 and 4b564d00
[    0.000001] localhost kernel: kvm-clock: using sched offset of 190412243475 cycles
[    0.000004] localhost kernel: clocksource: kvm-clock: mask: 0xffffffffffffffff max_cycles: 0x1cd42e4dffb, max_idle_ns: 881590591483 ns
[    0.000007] localhost kernel: tsc: Detected 3399.996 MHz processor
[    0.001163] localhost kernel: e820: update [mem 0x00000000-0x00000fff] usable ==> reserved
[    0.001168] localhost kernel: e820: remove [mem 0x000a0000-0x000fffff] usable
[    0.202603] localhost kernel: AGP: No AGP bridge found
[    0.206505] localhost kernel: last_pfn = 0x140000 max_arch_pfn = 0x400000000
[    0.206559] localhost kernel: MTRR map: 4 entries (3 fixed + 1 variable; max 19), built from 8 variable MTRRs
[    0.206565] localhost kernel: x86/PAT: Configuration [0-7]: WB  WC  UC- UC  WB  WP  UC- WT  
[    0.206635] localhost kernel: last_pfn = 0xbffda max_arch_pfn = 0x400000000
[    0.208680] localhost kernel: found SMP MP-table at [mem 0x000f5490-0x000f549f]
[    0.211957] localhost kernel: RAMDISK: [mem 0x2edf1000-0x336effff]
[    0.212415] localhost kernel: ACPI: Early table checksum verification disabled
[    0.212420] localhost kernel: ACPI: RSDP 0x00000000000F5290 000014 (v00 BOCHS )
[    0.212425] localhost kernel: ACPI: RSDT 0x00000000BFFE3B52 000034 (v01 BOCHS  BXPC     00000001 BXPC 00000001)
[    0.212433] localhost kernel: ACPI: FACP 0x00000000BFFE396C 000074 (v01 BOCHS  BXPC     00000001 BXPC 00000001)
[    0.212439] localhost kernel: ACPI: DSDT 0x00000000BFFDF040 00492C (v01 BOCHS  BXPC     00000001 BXPC 00000001)
[    0.212446] localhost kernel: ACPI: FACS 0x00000000BFFDF000 000040
[    0.212451] localhost kernel: ACPI: APIC 0x00000000BFFE39E0 000080 (v03 BOCHS  BXPC     00000001 BXPC 00000001)
[    0.212455] localhost kernel: ACPI: SSDT 0x00000000BFFE3A60 0000CA (v01 BOCHS  VMGENID  00000001 BXPC 00000001)
[    0.212459] localhost kernel: ACPI: WAET 0x00000000BFFE3B2A 000028 (v01 BOCHS  BXPC     00000001 BXPC 00000001)
[    0.212464] localhost kernel: ACPI: Reserving FACP table memory at [mem 0xbffe396c-0xbffe39df]
[    0.212466] localhost kernel: ACPI: Reserving DSDT table memory at [mem 0xbffdf040-0xbffe396b]
[    0.212468] localhost kernel: ACPI: Reserving FACS table memory at [mem 0xbffdf000-0xbffdf03f]
[    0.212470] localhost kernel: ACPI: Reserving APIC table memory at [mem 0xbffe39e0-0xbffe3a5f]
[    0.212471] localhost kernel: ACPI: Reserving SSDT table memory at [mem 0xbffe3a60-0xbffe3b29]
[    0.212472] localhost kernel: ACPI: Reserving WAET table memory at [mem 0xbffe3b2a-0xbffe3b51]
[    0.213015] localhost kernel: No NUMA configuration found
[    0.213017] localhost kernel: Faking a node at [mem 0x0000000000000000-0x000000013fffffff]
[    0.213027] localhost kernel: NODE_DATA(0) allocated [mem 0x13ffd2000-0x13fffcfff]
[    0.213217] localhost kernel: Zone ranges:
[    0.213219] localhost kernel:   DMA      [mem 0x0000000000001000-0x0000000000ffffff]
[    0.213222] localhost kernel:   DMA32    [mem 0x0000000001000000-0x00000000ffffffff]
[    0.213224] localhost kernel:   Normal   [mem 0x0000000100000000-0x000000013fffffff]
[    0.213227] localhost kernel:   Device   empty
[    0.213228] localhost kernel: Movable zone start for each node
[    0.213230] localhost kernel: Early memory node ranges
[    0.213231] localhost kernel:   node   0: [mem 0x0000000000001000-0x000000000009efff]
[    0.213233] localhost kernel:   node   0: [mem 0x0000000000100000-0x00000000bffd9fff]
[    0.213234] localhost kernel:   node   0: [mem 0x0000000100000000-0x000000013fffffff]
[    0.213236] localhost kernel: Initmem setup node 0 [mem 0x0000000000001000-0x000000013fffffff]
[    0.213362] localhost kernel: On node 0, zone DMA: 1 pages in unavailable ranges
[    0.213378] localhost kernel: On node 0, zone DMA: 97 pages in unavailable ranges
[    0.226291] localhost kernel: On node 0, zone Normal: 38 pages in unavailable ranges
[    0.230670] localhost kernel: ACPI: PM-Timer IO Port: 0x608
[    0.230685] localhost kernel: ACPI: LAPIC_NMI (acpi_id[0xff] dfl dfl lint[0x1])
[    0.230729] localhost kernel: IOAPIC[0]: apic_id 0, version 17, address 0xfec00000, GSI 0-23
[    0.230734] localhost kernel: ACPI: INT_SRC_OVR (bus 0 bus_irq 0 global_irq 2 dfl dfl)
[    0.230737] localhost kernel: ACPI: INT_SRC_OVR (bus 0 bus_irq 5 global_irq 5 high level)
[    0.230738] localhost kernel: ACPI: INT_SRC_OVR (bus 0 bus_irq 9 global_irq 9 high level)
[    0.230739] localhost kernel: ACPI: INT_SRC_OVR (bus 0 bus_irq 10 global_irq 10 high level)
[    0.230741] localhost kernel: ACPI: INT_SRC_OVR (bus 0 bus_irq 11 global_irq 11 high level)
[    0.230745] localhost kernel: ACPI: Using ACPI (MADT) for SMP configuration information
[    0.230748] localhost kernel: smpboot: Allowing 2 CPUs, 0 hotplug CPUs
[    0.230771] localhost kernel: kvm-guest: APIC: eoi() replaced with kvm_guest_apic_eoi_write()
[    0.230791] localhost kernel: PM: hibernation: Registered nosave memory: [mem 0x00000000-0x00000fff]
[    0.230794] localhost kernel: PM: hibernation: Registered nosave memory: [mem 0x0009f000-0x000fffff]
[    0.230798] localhost kernel: PM: hibernation: Registered nosave memory: [mem 0xbffda000-0xffffffff]
[    0.230800] localhost kernel: [mem 0xc0000000-0xfeffbfff] available for PCI devices
[    0.230802] localhost kernel: Booting paravirtualized kernel on KVM
[    0.230804] localhost kernel: clocksource: refined-jiffies: mask: 0xffffffff max_cycles: 0xffffffff, max_idle_ns: 1910969940391419 ns
[    0.230811] localhost kernel: setup_percpu: NR_CPUS:8192 nr_cpumask_bits:2 nr_cpu_ids:2 nr_node_ids:1
[    0.231036] localhost kernel: percpu: Embedded 86 pages/cpu s229376 r8192 d114688 u1048576
[    0.231043] localhost kernel: pcpu-alloc: s229376 r8192 d114688 u1048576 alloc=1*2097152
[    0.231047] localhost kernel: pcpu-alloc: [0] 0 1 
[    0.231078] localhost kernel: kvm-guest: PV spinlocks enabled
[    0.231082] localhost kernel: PV qspinlock hash table entries: 256 (order: 0, 4096 bytes, linear)
[    0.231086] localhost kernel: Kernel command line: BOOT_IMAGE=/vmlinuz-6.8.0-134-generic root=/dev/mapper/ubuntu--vg-ubuntu--lv ro
[    0.231499] localhost kernel: Dentry cache hash table entries: 524288 (order: 10, 4194304 bytes, linear)
[    0.231691] localhost kernel: Inode-cache hash table entries: 262144 (order: 9, 2097152 bytes, linear)
[    0.231725] localhost kernel: Fallback order for Node 0: 0 
[    0.231729] localhost kernel: Built 1 zonelists, mobility grouping on.  Total pages: 1031898
[    0.231732] localhost kernel: Policy zone: Normal
[    0.231737] localhost kernel: mem auto-init: stack:all(zero), heap alloc:on, heap free:off
[    0.231739] localhost kernel: AGP: Checking aperture...
[    0.443775] localhost kernel: AGP: No AGP bridge found
[    0.444681] localhost kernel: software IO TLB: area num 2.
[    0.481088] localhost kernel: Memory: 3925876K/4193760K available (22528K kernel code, 4439K rwdata, 14420K rodata, 4924K init, 4788K bss, 267624K reserved, 0K cma-reserved)
[    0.541902] localhost kernel: SLUB: HWalign=64, Order=0-3, MinObjects=0, CPUs=2, Nodes=1
[    0.545051] localhost kernel: ftrace: allocating 58301 entries in 228 pages
[    0.567474] localhost kernel: ftrace: allocated 228 pages with 4 groups
[    0.571370] localhost kernel: Dynamic Preempt: voluntary
[    0.571649] localhost kernel: rcu: Preemptible hierarchical RCU implementation.
[    0.571651] localhost kernel: rcu:         RCU restricting CPUs from NR_CPUS=8192 to nr_cpu_ids=2.
[    0.571653] localhost kernel:         Trampoline variant of Tasks RCU enabled.
[    0.571653] localhost kernel:         Rude variant of Tasks RCU enabled.
[    0.571654] localhost kernel:         Tracing variant of Tasks RCU enabled.
[    0.571655] localhost kernel: rcu: RCU calculated value of scheduler-enlistment delay is 100 jiffies.
[    0.571656] localhost kernel: rcu: Adjusting geometry for rcu_fanout_leaf=16, nr_cpu_ids=2
[    0.571663] localhost kernel: RCU Tasks: Setting shift to 1 and lim to 1 rcu_task_cb_adjust=1 rcu_task_cpu_ids=2.
[    0.571666] localhost kernel: RCU Tasks Rude: Setting shift to 1 and lim to 1 rcu_task_cb_adjust=1 rcu_task_cpu_ids=2.
[    0.571668] localhost kernel: RCU Tasks Trace: Setting shift to 1 and lim to 1 rcu_task_cb_adjust=1 rcu_task_cpu_ids=2.
[    0.579174] localhost kernel: NR_IRQS: 524544, nr_irqs: 440, preallocated irqs: 16
[    0.579419] localhost kernel: rcu: srcu_init: Setting srcu_struct sizes based on contention.
[    0.579503] localhost kernel: Console: colour dummy device 80x25
[    0.579507] localhost kernel: printk: legacy console [tty0] enabled
[    0.579918] localhost kernel: ACPI: Core revision 20230628
[    0.583177] localhost kernel: APIC: Switch to symmetric I/O mode setup
[    0.583472] localhost kernel: x2apic enabled
[    0.583891] localhost kernel: APIC: Switched APIC routing to: physical x2apic
[    0.585485] localhost kernel: ..TIMER: vector=0x30 apic1=0 pin1=2 apic2=-1 pin2=-1
[    0.585524] localhost kernel: tsc: Marking TSC unstable due to TSCs unsynchronized
[    0.585534] localhost kernel: Calibrating delay loop (skipped) preset value.. 6799.99 BogoMIPS (lpj=3399996)
[    0.585750] localhost kernel: process: using AMD E400 aware idle routine
[    0.585759] localhost kernel: Last level iTLB entries: 4KB 512, 2MB 255, 4MB 127
[    0.585765] localhost kernel: Last level dTLB entries: 4KB 512, 2MB 255, 4MB 127, 1GB 0
[    0.585772] localhost kernel: Spectre V1 : Mitigation: usercopy/swapgs barriers and __user pointer sanitization
[    0.585778] localhost kernel: Spectre V2 : Mitigation: Retpolines
[    0.585781] localhost kernel: Spectre V2 : Spectre v2 / SpectreRSB: Filling RSB on context switch and VMEXIT
[    0.585791] localhost kernel: x86/fpu: x87 FPU will use FXSAVE
[    0.639690] localhost kernel: Freeing SMP alternatives memory: 48K
[    0.639698] localhost kernel: pid_max: default: 32768 minimum: 301
[    0.641078] localhost kernel: LSM: initializing lsm=lockdown,capability,landlock,yama,apparmor,integrity
[    0.641271] localhost kernel: landlock: Up and running.
[    0.641274] localhost kernel: Yama: becoming mindful.
[    0.642568] localhost kernel: AppArmor: AppArmor initialized
[    0.642778] localhost kernel: Mount-cache hash table entries: 8192 (order: 4, 65536 bytes, linear)
[    0.642788] localhost kernel: Mountpoint-cache hash table entries: 8192 (order: 4, 65536 bytes, linear)
[    0.745594] localhost kernel: smpboot: CPU0: AMD QEMU Virtual CPU version 2.5+ (family: 0xf, model: 0x6b, stepping: 0x1)
[    0.746063] localhost kernel: Performance Events: PMU not available due to virtualization, using software events only.
[    0.746097] localhost kernel: signal: max sigframe size: 1440
[    0.746151] localhost kernel: rcu: Hierarchical SRCU implementation.
[    0.746155] localhost kernel: rcu:         Max phase no-delay instances is 400.
[    0.746514] localhost kernel: NMI watchdog: Perf NMI watchdog permanently disabled
[    0.746529] localhost kernel: smp: Bringing up secondary CPUs ...
[    0.746696] localhost kernel: smpboot: x86: Booting SMP configuration:
[    0.746701] localhost kernel: .... node  #0, CPUs:      #1
[    0.754576] localhost kernel: smp: Brought up 1 node, 2 CPUs
[    0.754583] localhost kernel: smpboot: Max logical packages: 1
[    0.754586] localhost kernel: smpboot: Total of 2 processors activated (13599.98 BogoMIPS)
[    0.760531] localhost kernel: devtmpfs: initialized
[    0.760581] localhost kernel: x86/mm: Memory block size: 128MB
[    0.762605] localhost kernel: clocksource: jiffies: mask: 0xffffffff max_cycles: 0xffffffff, max_idle_ns: 1911260446275000 ns
[    0.762614] localhost kernel: futex hash table entries: 512 (order: 3, 32768 bytes, linear)
[    0.762996] localhost kernel: pinctrl core: initialized pinctrl subsystem
[    0.763259] localhost kernel: PM: RTC time: 15:02:43, date: 2026-07-09
[    0.764106] localhost kernel: NET: Registered PF_NETLINK/PF_ROUTE protocol family
[    0.764376] localhost kernel: DMA: preallocated 512 KiB GFP_KERNEL pool for atomic allocations
[    0.764410] localhost kernel: DMA: preallocated 512 KiB GFP_KERNEL|GFP_DMA pool for atomic allocations
[    0.764447] localhost kernel: DMA: preallocated 512 KiB GFP_KERNEL|GFP_DMA32 pool for atomic allocations
[    0.764461] localhost kernel: audit: initializing netlink subsys (disabled)
[    0.766180] localhost kernel: thermal_sys: Registered thermal governor 'fair_share'
[    0.766182] localhost kernel: thermal_sys: Registered thermal governor 'bang_bang'
[    0.766186] localhost kernel: thermal_sys: Registered thermal governor 'step_wise'
[    0.766190] localhost kernel: thermal_sys: Registered thermal governor 'user_space'
[    0.766193] localhost kernel: thermal_sys: Registered thermal governor 'power_allocator'
[    0.765538] localhost kernel: audit: type=2000 audit(1783609364.624:1): state=initialized audit_enabled=0 res=1
[    0.766212] localhost kernel: cpuidle: using governor ladder
[    0.766212] localhost kernel: cpuidle: using governor menu
[    0.766691] localhost kernel: acpiphp: ACPI Hot Plug PCI Controller Driver version: 0.5
[    0.767007] localhost kernel: PCI: Using configuration type 1 for base access
[    0.767195] localhost kernel: kprobes: kprobe jump-optimization is enabled. All kprobes are optimized if possible.
[    0.792532] localhost kernel: HugeTLB: registered 2.00 MiB page size, pre-allocated 0 pages
[    0.792537] localhost kernel: HugeTLB: 28 KiB vmemmap can be freed for a 2.00 MiB page
[    0.798664] localhost kernel: fbcon: Taking over console
[    0.798690] localhost kernel: ACPI: Added _OSI(Module Device)
[    0.798695] localhost kernel: ACPI: Added _OSI(Processor Device)
[    0.798698] localhost kernel: ACPI: Added _OSI(Processor Aggregator Device)
[    0.805172] localhost kernel: ACPI: 2 ACPI AML tables successfully acquired and loaded
[    0.814334] localhost kernel: ACPI: _OSC evaluation for CPUs failed, trying _PDC
[    0.814334] localhost kernel: ACPI: Interpreter enabled
[    0.814334] localhost kernel: ACPI: PM: (supports S0 S5)
[    0.814334] localhost kernel: ACPI: Using IOAPIC for interrupt routing
[    0.814334] localhost kernel: PCI: Using host bridge windows from ACPI; if necessary, use "pci=nocrs" and report a bug
[    0.814334] localhost kernel: PCI: Using E820 reservations for host bridge windows
[    0.814334] localhost kernel: ACPI: Enabled 3 GPEs in block 00 to 0F
[    0.823791] localhost kernel: ACPI: PCI Root Bridge [PCI0] (domain 0000 [bus 00-ff])
[    0.823828] localhost kernel: acpi PNP0A03:00: _OSC: OS supports [ASPM ClockPM Segments MSI EDR HPX-Type3]
[    0.823834] localhost kernel: acpi PNP0A03:00: _OSC: not requesting OS control; OS requires [ExtendedConfig ASPM ClockPM MSI]
[    0.823852] localhost kernel: acpi PNP0A03:00: fail to add MMCONFIG information, can't access extended configuration space under this bridge
[    0.824579] localhost kernel: acpiphp: Slot [3] registered
[    0.824630] localhost kernel: acpiphp: Slot [8] registered
[    0.824664] localhost kernel: acpiphp: Slot [18] registered
[    0.824733] localhost kernel: acpiphp: Slot [4] registered
[    0.824762] localhost kernel: acpiphp: Slot [6] registered
[    0.824817] localhost kernel: acpiphp: Slot [7] registered
[    0.824846] localhost kernel: acpiphp: Slot [9] registered
[    0.824875] localhost kernel: acpiphp: Slot [10] registered
[    0.824904] localhost kernel: acpiphp: Slot [11] registered
[    0.824936] localhost kernel: acpiphp: Slot [12] registered
[    0.824964] localhost kernel: acpiphp: Slot [13] registered
[    0.824990] localhost kernel: acpiphp: Slot [14] registered
[    0.825019] localhost kernel: acpiphp: Slot [15] registered
[    0.825048] localhost kernel: acpiphp: Slot [16] registered
[    0.825074] localhost kernel: acpiphp: Slot [17] registered
[    0.825102] localhost kernel: acpiphp: Slot [19] registered
[    0.825134] localhost kernel: acpiphp: Slot [20] registered
[    0.825163] localhost kernel: acpiphp: Slot [21] registered
[    0.825192] localhost kernel: acpiphp: Slot [22] registered
[    0.825219] localhost kernel: acpiphp: Slot [23] registered
[    0.825246] localhost kernel: acpiphp: Slot [24] registered
[    0.825275] localhost kernel: acpiphp: Slot [25] registered
[    0.825303] localhost kernel: acpiphp: Slot [26] registered
[    0.825335] localhost kernel: acpiphp: Slot [27] registered
[    0.825361] localhost kernel: acpiphp: Slot [28] registered
[    0.825389] localhost kernel: acpiphp: Slot [29] registered
[    0.825416] localhost kernel: PCI host bridge to bus 0000:00
[    0.825424] localhost kernel: pci_bus 0000:00: root bus resource [io  0x0000-0x0cf7 window]
[    0.825430] localhost kernel: pci_bus 0000:00: root bus resource [io  0x0d00-0xffff window]
[    0.825434] localhost kernel: pci_bus 0000:00: root bus resource [mem 0x000a0000-0x000bffff window]
[    0.825440] localhost kernel: pci_bus 0000:00: root bus resource [mem 0xc0000000-0xfebfffff window]
[    0.825446] localhost kernel: pci_bus 0000:00: root bus resource [mem 0xc000000000-0xc0a000bfff window]
[    0.825450] localhost kernel: pci_bus 0000:00: root bus resource [bus 00-ff]
[    0.825533] localhost kernel: pci 0000:00:00.0: [8086:1237] type 00 class 0x060000 conventional PCI endpoint
[    0.827088] localhost kernel: pci 0000:00:01.0: [8086:7000] type 00 class 0x060100 conventional PCI endpoint
[    0.828630] localhost kernel: pci 0000:00:01.1: [8086:7010] type 00 class 0x010180 conventional PCI endpoint
[    0.829598] localhost kernel: pci 0000:00:01.1: BAR 4 [io  0xf0e0-0xf0ef]
[    0.829672] localhost kernel: pci 0000:00:01.1: BAR 0 [io  0x01f0-0x01f7]: legacy IDE quirk
[    0.829678] localhost kernel: pci 0000:00:01.1: BAR 1 [io  0x03f6]: legacy IDE quirk
[    0.829683] localhost kernel: pci 0000:00:01.1: BAR 2 [io  0x0170-0x0177]: legacy IDE quirk
[    0.829687] localhost kernel: pci 0000:00:01.1: BAR 3 [io  0x0376]: legacy IDE quirk
[    0.829987] localhost kernel: pci 0000:00:01.2: [8086:7020] type 00 class 0x0c0300 conventional PCI endpoint
[    0.836387] localhost kernel: pci 0000:00:01.2: BAR 4 [io  0xf0c0-0xf0df]
[    0.837667] localhost kernel: pci 0000:00:01.3: [8086:7113] type 00 class 0x068000 conventional PCI endpoint
[    0.838296] localhost kernel: pci 0000:00:01.3: quirk: [io  0x0600-0x063f] claimed by PIIX4 ACPI
[    0.838315] localhost kernel: pci 0000:00:01.3: quirk: [io  0x0700-0x070f] claimed by PIIX4 SMB
[    0.851698] localhost kernel: pci 0000:00:02.0: [1234:1111] type 00 class 0x030000 conventional PCI endpoint
[    0.861558] localhost kernel: pci 0000:00:02.0: BAR 0 [mem 0xfd000000-0xfdffffff pref]
[    0.861588] localhost kernel: pci 0000:00:02.0: BAR 2 [mem 0xfea50000-0xfea50fff]
[    0.861642] localhost kernel: pci 0000:00:02.0: ROM [mem 0xfea40000-0xfea4ffff pref]
[    0.861729] localhost kernel: pci 0000:00:02.0: Video device with shadowed ROM at [mem 0x000c0000-0x000dffff]
[    0.861909] localhost kernel: pci 0000:00:03.0: [1af4:1002] type 00 class 0x00ff00 conventional PCI endpoint
[    0.878544] localhost kernel: pci 0000:00:03.0: BAR 0 [io  0xf000-0xf03f]
[    0.878562] localhost kernel: pci 0000:00:03.0: BAR 1 [mem 0xfea51000-0xfea51fff]
[    0.878616] localhost kernel: pci 0000:00:03.0: BAR 4 [mem 0xc0a0000000-0xc0a0003fff 64bit pref]
[    0.884083] localhost kernel: pci 0000:00:05.0: [1b36:0001] type 01 class 0x060400 conventional PCI bridge
[    0.891557] localhost kernel: pci 0000:00:05.0: BAR 0 [mem 0xc000000000-0xc0000000ff 64bit]
[    0.891587] localhost kernel: pci 0000:00:05.0: PCI bridge to [bus 01]
[    0.891630] localhost kernel: pci 0000:00:05.0:   bridge window [io  0xe000-0xefff]
[    0.891659] localhost kernel: pci 0000:00:05.0:   bridge window [mem 0xfe800000-0xfe9fffff]
[    0.896888] localhost kernel: pci 0000:00:05.0:   bridge window [mem 0xc080000000-0xc09fffffff 64bit pref]
[    0.898592] localhost kernel: pci 0000:00:08.0: [1af4:1003] type 00 class 0x078000 conventional PCI endpoint
[    0.904546] localhost kernel: pci 0000:00:08.0: BAR 0 [io  0xf040-0xf07f]
[    0.904564] localhost kernel: pci 0000:00:08.0: BAR 1 [mem 0xfea52000-0xfea52fff]
[    0.904620] localhost kernel: pci 0000:00:08.0: BAR 4 [mem 0xc0a0004000-0xc0a0007fff 64bit pref]
[    0.915053] localhost kernel: pci 0000:00:12.0: [1af4:1000] type 00 class 0x020000 conventional PCI endpoint
[    0.923546] localhost kernel: pci 0000:00:12.0: BAR 0 [io  0xf080-0xf0bf]
[    0.923565] localhost kernel: pci 0000:00:12.0: BAR 1 [mem 0xfea53000-0xfea53fff]
[    0.923621] localhost kernel: pci 0000:00:12.0: BAR 4 [mem 0xc0a0008000-0xc0a000bfff 64bit pref]
[    0.923639] localhost kernel: pci 0000:00:12.0: ROM [mem 0xfea00000-0xfea3ffff pref]
[    0.941146] localhost kernel: pci 0000:00:1e.0: [1b36:0001] type 01 class 0x060400 conventional PCI bridge
[    0.947557] localhost kernel: pci 0000:00:1e.0: BAR 0 [mem 0xc000001000-0xc0000010ff 64bit]
[    0.947588] localhost kernel: pci 0000:00:1e.0: PCI bridge to [bus 02]
[    0.947631] localhost kernel: pci 0000:00:1e.0:   bridge window [io  0xd000-0xdfff]
[    0.947661] localhost kernel: pci 0000:00:1e.0:   bridge window [mem 0xfe600000-0xfe7fffff]
[    0.949582] localhost kernel: pci 0000:00:1e.0:   bridge window [mem 0xc060000000-0xc07fffffff 64bit pref]
[    0.953837] localhost kernel: pci 0000:00:1f.0: [1b36:0001] type 01 class 0x060400 conventional PCI bridge
[    0.964558] localhost kernel: pci 0000:00:1f.0: BAR 0 [mem 0xc000002000-0xc0000020ff 64bit]
[    0.966560] localhost kernel: pci 0000:00:1f.0: PCI bridge to [bus 03]
[    0.966605] localhost kernel: pci 0000:00:1f.0:   bridge window [io  0xc000-0xcfff]
[    0.966605] localhost kernel: pci 0000:00:1f.0:   bridge window [mem 0xfe400000-0xfe5fffff]
[    0.971582] localhost kernel: pci 0000:00:1f.0:   bridge window [mem 0xc040000000-0xc05fffffff 64bit pref]
[    0.972634] localhost kernel: pci_bus 0000:01: extended config space not accessible
[    0.972982] localhost kernel: acpiphp: Slot [1-2] registered
[    0.973013] localhost kernel: acpiphp: Slot [0] registered
[    0.973043] localhost kernel: acpiphp: Slot [2] registered
[    0.973075] localhost kernel: acpiphp: Slot [3-2] registered
[    0.973106] localhost kernel: acpiphp: Slot [4-2] registered
[    0.973134] localhost kernel: acpiphp: Slot [5] registered
[    0.973169] localhost kernel: acpiphp: Slot [6-2] registered
[    0.973204] localhost kernel: acpiphp: Slot [7-2] registered
[    0.973238] localhost kernel: acpiphp: Slot [8-2] registered
[    0.973270] localhost kernel: acpiphp: Slot [9-2] registered
[    0.973302] localhost kernel: acpiphp: Slot [10-2] registered
[    0.973334] localhost kernel: acpiphp: Slot [11-2] registered
[    0.973365] localhost kernel: acpiphp: Slot [12-2] registered
[    0.973398] localhost kernel: acpiphp: Slot [13-2] registered
[    0.973442] localhost kernel: acpiphp: Slot [14-2] registered
[    0.973475] localhost kernel: acpiphp: Slot [15-2] registered
[    0.973508] localhost kernel: acpiphp: Slot [16-2] registered
[    0.973547] localhost kernel: acpiphp: Slot [17-2] registered
[    0.973581] localhost kernel: acpiphp: Slot [18-2] registered
[    0.973613] localhost kernel: acpiphp: Slot [19-2] registered
[    0.973645] localhost kernel: acpiphp: Slot [20-2] registered
[    0.973680] localhost kernel: acpiphp: Slot [21-2] registered
[    0.973713] localhost kernel: acpiphp: Slot [22-2] registered
[    0.973744] localhost kernel: acpiphp: Slot [23-2] registered
[    0.973776] localhost kernel: acpiphp: Slot [24-2] registered
[    0.973807] localhost kernel: acpiphp: Slot [25-2] registered
[    0.973839] localhost kernel: acpiphp: Slot [26-2] registered
[    0.973870] localhost kernel: acpiphp: Slot [27-2] registered
[    0.973906] localhost kernel: acpiphp: Slot [28-2] registered
[    0.973940] localhost kernel: acpiphp: Slot [29-2] registered
[    0.973968] localhost kernel: acpiphp: Slot [30] registered
[    0.973994] localhost kernel: acpiphp: Slot [31] registered
[    0.974532] localhost kernel: pci 0000:01:01.0: [1af4:1004] type 00 class 0x010000 conventional PCI endpoint
[    0.983545] localhost kernel: pci 0000:01:01.0: BAR 0 [io  0xe000-0xe03f]
[    0.983564] localhost kernel: pci 0000:01:01.0: BAR 1 [mem 0xfe800000-0xfe800fff]
[    0.983564] localhost kernel: pci 0000:01:01.0: BAR 4 [mem 0xc080000000-0xc080003fff 64bit pref]
[    1.011027] localhost kernel: pci 0000:00:05.0: PCI bridge to [bus 01]
[    1.012345] localhost kernel: pci_bus 0000:02: extended config space not accessible
[    1.012857] localhost kernel: acpiphp: Slot [0-2] registered
[    1.012894] localhost kernel: acpiphp: Slot [1-3] registered
[    1.012942] localhost kernel: acpiphp: Slot [2-2] registered
[    1.012974] localhost kernel: acpiphp: Slot [3-3] registered
[    1.013004] localhost kernel: acpiphp: Slot [4-3] registered
[    1.013040] localhost kernel: acpiphp: Slot [5-2] registered
[    1.013072] localhost kernel: acpiphp: Slot [6-3] registered
[    1.013104] localhost kernel: acpiphp: Slot [7-3] registered
[    1.013138] localhost kernel: acpiphp: Slot [8-3] registered
[    1.013170] localhost kernel: acpiphp: Slot [9-3] registered
[    1.013202] localhost kernel: acpiphp: Slot [10-3] registered
[    1.013234] localhost kernel: acpiphp: Slot [11-3] registered
[    1.013266] localhost kernel: acpiphp: Slot [12-3] registered
[    1.013302] localhost kernel: acpiphp: Slot [13-3] registered
[    1.013335] localhost kernel: acpiphp: Slot [14-3] registered
[    1.013369] localhost kernel: acpiphp: Slot [15-3] registered
[    1.016549] localhost kernel: acpiphp: Slot [16-3] registered
[    1.016584] localhost kernel: acpiphp: Slot [17-3] registered
[    1.016616] localhost kernel: acpiphp: Slot [18-3] registered
[    1.016616] localhost kernel: acpiphp: Slot [19-3] registered
[    1.016616] localhost kernel: acpiphp: Slot [20-3] registered
[    1.016616] localhost kernel: acpiphp: Slot [21-3] registered
[    1.016633] localhost kernel: acpiphp: Slot [22-3] registered
[    1.016666] localhost kernel: acpiphp: Slot [23-3] registered
[    1.016698] localhost kernel: acpiphp: Slot [24-3] registered
[    1.016729] localhost kernel: acpiphp: Slot [25-3] registered
[    1.016762] localhost kernel: acpiphp: Slot [26-3] registered
[    1.016793] localhost kernel: acpiphp: Slot [27-3] registered
[    1.016825] localhost kernel: acpiphp: Slot [28-3] registered
[    1.016859] localhost kernel: acpiphp: Slot [29-3] registered
[    1.016893] localhost kernel: acpiphp: Slot [30-2] registered
[    1.016927] localhost kernel: acpiphp: Slot [31-2] registered
[    1.040374] localhost kernel: pci 0000:00:1e.0: PCI bridge to [bus 02]
[    1.045784] localhost kernel: pci_bus 0000:03: extended config space not accessible
[    1.046132] localhost kernel: acpiphp: Slot [0-3] registered
[    1.046167] localhost kernel: acpiphp: Slot [1-4] registered
[    1.046204] localhost kernel: acpiphp: Slot [2-3] registered
[    1.046237] localhost kernel: acpiphp: Slot [3-4] registered
[    1.046269] localhost kernel: acpiphp: Slot [4-4] registered
[    1.046300] localhost kernel: acpiphp: Slot [5-3] registered
[    1.046339] localhost kernel: acpiphp: Slot [6-4] registered
[    1.046369] localhost kernel: acpiphp: Slot [7-4] registered
[    1.046401] localhost kernel: acpiphp: Slot [8-4] registered
[    1.046435] localhost kernel: acpiphp: Slot [9-4] registered
[    1.046549] localhost kernel: acpiphp: Slot [10-4] registered
[    1.046581] localhost kernel: acpiphp: Slot [11-4] registered
[    1.046615] localhost kernel: acpiphp: Slot [12-4] registered
[    1.046647] localhost kernel: acpiphp: Slot [13-4] registered
[    1.046680] localhost kernel: acpiphp: Slot [14-4] registered
[    1.046713] localhost kernel: acpiphp: Slot [15-4] registered
[    1.046749] localhost kernel: acpiphp: Slot [16-4] registered
[    1.046782] localhost kernel: acpiphp: Slot [17-4] registered
[    1.046814] localhost kernel: acpiphp: Slot [18-4] registered
[    1.046847] localhost kernel: acpiphp: Slot [19-4] registered
[    1.046878] localhost kernel: acpiphp: Slot [20-4] registered
[    1.046911] localhost kernel: acpiphp: Slot [21-4] registered
[    1.046942] localhost kernel: acpiphp: Slot [22-4] registered
[    1.046978] localhost kernel: acpiphp: Slot [23-4] registered
[    1.047013] localhost kernel: acpiphp: Slot [24-4] registered
[    1.047047] localhost kernel: acpiphp: Slot [25-4] registered
[    1.047083] localhost kernel: acpiphp: Slot [26-4] registered
[    1.047116] localhost kernel: acpiphp: Slot [27-4] registered
[    1.047148] localhost kernel: acpiphp: Slot [28-4] registered
[    1.047182] localhost kernel: acpiphp: Slot [29-4] registered
[    1.047219] localhost kernel: acpiphp: Slot [30-3] registered
[    1.047257] localhost kernel: acpiphp: Slot [31-3] registered
[    1.068693] localhost kernel: pci 0000:00:1f.0: PCI bridge to [bus 03]
[    1.090088] localhost kernel: ACPI: PCI: Interrupt link LNKA configured for IRQ 10
[    1.090281] localhost kernel: ACPI: PCI: Interrupt link LNKB configured for IRQ 10
[    1.090465] localhost kernel: ACPI: PCI: Interrupt link LNKC configured for IRQ 11
[    1.090632] localhost kernel: ACPI: PCI: Interrupt link LNKD configured for IRQ 11
[    1.090735] localhost kernel: ACPI: PCI: Interrupt link LNKS configured for IRQ 9
[    1.093546] localhost kernel: iommu: Default domain type: Translated
[    1.093554] localhost kernel: iommu: DMA domain TLB invalidation policy: lazy mode
[    1.093851] localhost kernel: SCSI subsystem initialized
[    1.094557] localhost kernel: libata version 3.00 loaded.
[    1.094591] localhost kernel: ACPI: bus type USB registered
[    1.094621] localhost kernel: usbcore: registered new interface driver usbfs
[    1.094633] localhost kernel: usbcore: registered new interface driver hub
[    1.094645] localhost kernel: usbcore: registered new device driver usb
[    1.094645] localhost kernel: pps_core: LinuxPPS API ver. 1 registered
[    1.094645] localhost kernel: pps_core: Software ver. 5.3.6 - Copyright 2005-2007 Rodolfo Giometti <giometti@linux.it>
[    1.094645] localhost kernel: PTP clock support registered
[    1.097575] localhost kernel: EDAC MC: Ver: 3.0.0
[    1.098790] localhost kernel: NetLabel: Initializing
[    1.098795] localhost kernel: NetLabel:  domain hash size = 128
[    1.098797] localhost kernel: NetLabel:  protocols = UNLABELED CIPSOv4 CALIPSO
[    1.098825] localhost kernel: NetLabel:  unlabeled traffic allowed by default
[    1.098855] localhost kernel: mctp: management component transport protocol core
[    1.098855] localhost kernel: NET: Registered PF_MCTP protocol family
[    1.098855] localhost kernel: PCI: Using ACPI for IRQ routing
[    1.098855] localhost kernel: PCI: pci_cache_line_size set to 64 bytes
[    1.100532] localhost kernel: e820: reserve RAM buffer [mem 0x0009fc00-0x0009ffff]
[    1.100537] localhost kernel: e820: reserve RAM buffer [mem 0xbffda000-0xbfffffff]
[    1.100559] localhost kernel: pci 0000:00:02.0: vgaarb: setting as boot VGA device
[    1.100560] localhost kernel: pci 0000:00:02.0: vgaarb: bridge control possible
[    1.100563] localhost kernel: pci 0000:00:02.0: vgaarb: VGA device added: decodes=io+mem,owns=io+mem,locks=none
[    1.100570] localhost kernel: vgaarb: loaded
[    1.100648] localhost kernel: clocksource: Switched to clocksource kvm-clock
[    1.101901] localhost kernel: VFS: Disk quotas dquot_6.6.0
[    1.101938] localhost kernel: VFS: Dquot-cache hash table entries: 512 (order 0, 4096 bytes)
[    1.102322] localhost kernel: AppArmor: AppArmor Filesystem Enabled
[    1.102352] localhost kernel: pnp: PnP ACPI init
[    1.102477] localhost kernel: pnp 00:02: [dma 2]
[    1.102882] localhost kernel: pnp: PnP ACPI: found 4 devices
[    1.125929] localhost kernel: clocksource: acpi_pm: mask: 0xffffff max_cycles: 0xffffff, max_idle_ns: 2085701024 ns
[    1.126073] localhost kernel: NET: Registered PF_INET protocol family
[    1.126195] localhost kernel: IP idents hash table entries: 65536 (order: 7, 524288 bytes, linear)
[    1.142641] localhost kernel: tcp_listen_portaddr_hash hash table entries: 2048 (order: 3, 32768 bytes, linear)
[    1.142657] localhost kernel: Table-perturb hash table entries: 65536 (order: 6, 262144 bytes, linear)
[    1.142672] localhost kernel: TCP established hash table entries: 32768 (order: 6, 262144 bytes, linear)
[    1.142735] localhost kernel: TCP bind hash table entries: 32768 (order: 8, 1048576 bytes, linear)
[    1.142800] localhost kernel: TCP: Hash tables configured (established 32768 bind 32768)
[    1.142875] localhost kernel: MPTCP token hash table entries: 4096 (order: 5, 98304 bytes, linear)
[    1.142916] localhost kernel: UDP hash table entries: 2048 (order: 4, 65536 bytes, linear)
[    1.142930] localhost kernel: UDP-Lite hash table entries: 2048 (order: 4, 65536 bytes, linear)
[    1.143004] localhost kernel: NET: Registered PF_UNIX/PF_LOCAL protocol family
[    1.143019] localhost kernel: NET: Registered PF_XDP protocol family
[    1.143035] localhost kernel: pci 0000:00:05.0: PCI bridge to [bus 01]
[    1.143055] localhost kernel: pci 0000:00:05.0:   bridge window [io  0xe000-0xefff]
[    1.144905] localhost kernel: pci 0000:00:05.0:   bridge window [mem 0xfe800000-0xfe9fffff]
[    1.146294] localhost kernel: pci 0000:00:05.0:   bridge window [mem 0xc080000000-0xc09fffffff 64bit pref]
[    1.148635] localhost kernel: pci 0000:00:1e.0: PCI bridge to [bus 02]
[    1.148655] localhost kernel: pci 0000:00:1e.0:   bridge window [io  0xd000-0xdfff]
[    1.151073] localhost kernel: pci 0000:00:1e.0:   bridge window [mem 0xfe600000-0xfe7fffff]
[    1.152710] localhost kernel: pci 0000:00:1e.0:   bridge window [mem 0xc060000000-0xc07fffffff 64bit pref]
[    1.155482] localhost kernel: pci 0000:00:1f.0: PCI bridge to [bus 03]
[    1.155499] localhost kernel: pci 0000:00:1f.0:   bridge window [io  0xc000-0xcfff]
[    1.156417] localhost kernel: pci 0000:00:1f.0:   bridge window [mem 0xfe400000-0xfe5fffff]
[    1.156985] localhost kernel: pci 0000:00:1f.0:   bridge window [mem 0xc040000000-0xc05fffffff 64bit pref]
[    1.158623] localhost kernel: pci_bus 0000:00: resource 4 [io  0x0000-0x0cf7 window]
[    1.158629] localhost kernel: pci_bus 0000:00: resource 5 [io  0x0d00-0xffff window]
[    1.158635] localhost kernel: pci_bus 0000:00: resource 6 [mem 0x000a0000-0x000bffff window]
[    1.158638] localhost kernel: pci_bus 0000:00: resource 7 [mem 0xc0000000-0xfebfffff window]
[    1.158643] localhost kernel: pci_bus 0000:00: resource 8 [mem 0xc000000000-0xc0a000bfff window]
[    1.158648] localhost kernel: pci_bus 0000:01: resource 0 [io  0xe000-0xefff]
[    1.158651] localhost kernel: pci_bus 0000:01: resource 1 [mem 0xfe800000-0xfe9fffff]
[    1.158656] localhost kernel: pci_bus 0000:01: resource 2 [mem 0xc080000000-0xc09fffffff 64bit pref]
[    1.158661] localhost kernel: pci_bus 0000:02: resource 0 [io  0xd000-0xdfff]
[    1.158664] localhost kernel: pci_bus 0000:02: resource 1 [mem 0xfe600000-0xfe7fffff]
[    1.158668] localhost kernel: pci_bus 0000:02: resource 2 [mem 0xc060000000-0xc07fffffff 64bit pref]
[    1.158674] localhost kernel: pci_bus 0000:03: resource 0 [io  0xc000-0xcfff]
[    1.158678] localhost kernel: pci_bus 0000:03: resource 1 [mem 0xfe400000-0xfe5fffff]
[    1.158681] localhost kernel: pci_bus 0000:03: resource 2 [mem 0xc040000000-0xc05fffffff 64bit pref]
[    1.158792] localhost kernel: pci 0000:00:01.0: PIIX3: Enabling Passive Release
[    1.158812] localhost kernel: pci 0000:00:00.0: Limiting direct PCI/PCI transfers
[    1.160056] localhost kernel: ACPI: \_SB_.LNKD: Enabled at IRQ 11
[    1.161747] localhost kernel: PCI: CLS 0 bytes, default 64
[    1.162639] localhost kernel: Trying to unpack rootfs image as initramfs...
[    1.165204] localhost kernel: PCI-DMA: Using software bounce buffering for IO (SWIOTLB)
[    1.165209] localhost kernel: software IO TLB: mapped [mem 0x00000000bbfda000-0x00000000bffda000] (64MB)
[    1.165658] localhost kernel: Initialise system trusted keyrings
[    1.165675] localhost kernel: Key type blacklist registered
[    1.165734] localhost kernel: workingset: timestamp_bits=36 max_order=20 bucket_order=0
[    1.165750] localhost kernel: zbud: loaded
[    1.169058] localhost kernel: squashfs: version 4.0 (2009/01/31) Phillip Lougher
[    1.170257] localhost kernel: fuse: init (API version 7.39)
[    1.193229] localhost kernel: integrity: Platform Keyring initialized
[    1.193238] localhost kernel: integrity: Machine keyring initialized
[    1.227041] localhost kernel: Key type asymmetric registered
[    1.227047] localhost kernel: Asymmetric key parser 'x509' registered
[    1.227073] localhost kernel: Block layer SCSI generic (bsg) driver version 0.4 loaded (major 243)
[    1.227147] localhost kernel: io scheduler mq-deadline registered
[    1.227443] localhost kernel: shpchp 0000:00:05.0: Requesting control of SHPC hotplug via OSHP (\_SB_.PCI0.S28_)
[    1.227456] localhost kernel: shpchp 0000:00:05.0: Requesting control of SHPC hotplug via OSHP (\_SB_.PCI0)
[    1.227465] localhost kernel: shpchp 0000:00:05.0: Cannot get control of SHPC hotplug
[    1.227543] localhost kernel: shpchp 0000:00:1e.0: Requesting control of SHPC hotplug via OSHP (\_SB_.PCI0.SF0_)
[    1.227554] localhost kernel: shpchp 0000:00:1e.0: Requesting control of SHPC hotplug via OSHP (\_SB_.PCI0)
[    1.227558] localhost kernel: shpchp 0000:00:1e.0: Cannot get control of SHPC hotplug
[    1.227635] localhost kernel: shpchp 0000:00:1f.0: Requesting control of SHPC hotplug via OSHP (\_SB_.PCI0.SF8_)
[    1.227644] localhost kernel: shpchp 0000:00:1f.0: Requesting control of SHPC hotplug via OSHP (\_SB_.PCI0)
[    1.227650] localhost kernel: shpchp 0000:00:1f.0: Cannot get control of SHPC hotplug
[    1.227663] localhost kernel: shpchp: Standard Hot Plug PCI Controller Driver version: 0.4
[    1.227989] localhost kernel: input: Power Button as /devices/LNXSYSTM:00/LNXPWRBN:00/input/input0
[    1.228086] localhost kernel: ACPI: button: Power Button [PWRF]
[    1.236226] localhost kernel: ACPI: \_SB_.LNKC: Enabled at IRQ 10
[    1.254813] localhost kernel: ACPI: \_SB_.LNKB: Enabled at IRQ 10
[    1.263793] localhost kernel: ACPI: \_SB_.LNKA: Enabled at IRQ 11
[    1.285902] localhost kernel: Free page reporting enabled
[    1.286205] localhost kernel: Serial: 8250/16550 driver, 32 ports, IRQ sharing enabled
[    1.406302] localhost kernel: Linux agpgart interface v0.103
[    1.426970] localhost kernel: loop: module loaded
[    1.434274] localhost kernel: virtio_scsi virtio3: 2/0/0 default/read/poll queues
[    1.444851] localhost kernel: scsi host0: Virtio SCSI HBA
[    1.445811] localhost kernel: ata_piix 0000:00:01.1: version 2.13
[    1.452238] localhost kernel: scsi 0:0:0:0: Direct-Access     QEMU     QEMU HARDDISK    2.5+ PQ: 0 ANSI: 5
[    1.460766] localhost kernel: scsi host1: ata_piix
[    1.472426] localhost kernel: scsi host2: ata_piix
[    1.472475] localhost kernel: ata1: PATA max MWDMA2 cmd 0x1f0 ctl 0x3f6 bmdma 0xf0e0 irq 14 lpm-pol 0
[    1.472481] localhost kernel: ata2: PATA max MWDMA2 cmd 0x170 ctl 0x376 bmdma 0xf0e8 irq 15 lpm-pol 0
[    1.472544] localhost kernel: ACPI: bus type drm_connector registered
[    1.472899] localhost kernel: tun: Universal TUN/TAP device driver, 1.6
[    1.503966] localhost kernel: PPP generic driver version 2.4.2
[    1.513987] localhost kernel: uhci_hcd 0000:00:01.2: UHCI Host Controller
[    1.513997] localhost kernel: uhci_hcd 0000:00:01.2: new USB bus registered, assigned bus number 1
[    1.514024] localhost kernel: uhci_hcd 0000:00:01.2: detected 2 ports
[    1.514188] localhost kernel: uhci_hcd 0000:00:01.2: irq 11, io port 0x0000f0c0
[    1.514362] localhost kernel: usb usb1: New USB device found, idVendor=1d6b, idProduct=0001, bcdDevice= 6.08
[    1.514368] localhost kernel: usb usb1: New USB device strings: Mfr=3, Product=2, SerialNumber=1
[    1.514374] localhost kernel: usb usb1: Product: UHCI Host Controller
[    1.514378] localhost kernel: usb usb1: Manufacturer: Linux 6.8.0-134-generic uhci_hcd
[    1.514381] localhost kernel: usb usb1: SerialNumber: 0000:00:01.2
[    1.514505] localhost kernel: hub 1-0:1.0: USB hub found
[    1.514518] localhost kernel: hub 1-0:1.0: 2 ports detected
[    1.514732] localhost kernel: i8042: PNP: PS/2 Controller [PNP0303:KBD,PNP0f13:MOU] at 0x60,0x64 irq 1,12
[    1.519739] localhost kernel: serio: i8042 KBD port at 0x60,0x64 irq 1
[    1.519749] localhost kernel: serio: i8042 AUX port at 0x60,0x64 irq 12
[    1.519898] localhost kernel: mousedev: PS/2 mouse device common for all mice
[    1.520033] localhost kernel: rtc_cmos 00:03: RTC can wake from S4
[    1.533281] localhost kernel: rtc_cmos 00:03: registered as rtc0
[    1.533384] localhost kernel: rtc_cmos 00:03: setting system clock to 2026-07-09T15:02:44 UTC (1783609364)
[    1.533480] localhost kernel: rtc_cmos 00:03: alarms up to one day, y3k, 242 bytes nvram
[    1.533497] localhost kernel: i2c_dev: i2c /dev entries driver
[    1.533527] localhost kernel: device-mapper: core: CONFIG_IMA_DISABLE_HTABLE is disabled. Duplicate IMA measurements will not be recorded in the IMA log.
[    1.533555] localhost kernel: device-mapper: uevent: version 1.0.3
[    1.533621] localhost kernel: device-mapper: ioctl: 4.48.0-ioctl (2023-03-01) initialised: dm-devel@redhat.com
[    1.533629] localhost kernel: amd_pstate: the _CPC object is not present in SBIOS or ACPI disabled
[    1.538607] localhost kernel: ledtrig-cpu: registered to indicate activity on CPUs
[    1.544521] localhost kernel: [drm] Initialized simpledrm 1.0.0 20200625 for simple-framebuffer.0 on minor 0
[    1.546625] localhost kernel: Console: switching to colour frame buffer device 100x37
[    1.550374] localhost kernel: input: AT Translated Set 2 keyboard as /devices/platform/i8042/serio0/input/input1
[    1.558127] localhost kernel: simple-framebuffer simple-framebuffer.0: [drm] fb0: simpledrmdrmfb frame buffer device
[    1.565351] localhost kernel: drop_monitor: Initializing network drop monitor service
[    1.565540] localhost kernel: NET: Registered PF_INET6 protocol family
[    1.580135] localhost kernel: Freeing initrd memory: 74748K
[    1.602198] localhost kernel: Segment Routing with IPv6
[    1.602288] localhost kernel: In-situ OAM (IOAM) with IPv6
[    1.602373] localhost kernel: NET: Registered PF_PACKET protocol family
[    1.606313] localhost kernel: Key type dns_resolver registered
[    1.612210] localhost kernel: IPI shorthand broadcast: enabled
[    1.623313] localhost kernel: sched_clock: Marking stable (1618016151, 5103285)->(1661860115, -38740679)
[    1.624920] localhost kernel: registered taskstats version 1
[    1.627444] localhost kernel: Loading compiled-in X.509 certificates
[    1.630121] localhost kernel: Loaded X.509 cert 'Build time autogenerated kernel key: 79aab6b364387381d7a5d225dcfcd094a654ef62'
[    1.634595] localhost kernel: Loaded X.509 cert 'Canonical Ltd. Live Patch Signing 2025 Kmod: d541cef61dc7e793b7eb7e899970a2eef0b5dc8c'
[    1.634949] localhost kernel: scsi 0:0:0:0: Attached scsi generic sg0 type 0
[    1.637103] localhost kernel: Loaded X.509 cert 'Canonical Ltd. Live Patch Signing: 14df34d1a87cf37625abec039ef2bf521249b969'
[    1.637208] localhost kernel: sd 0:0:0:0: Power-on or device reset occurred
[    1.639249] localhost kernel: Loaded X.509 cert 'Canonical Ltd. Kernel Module Signing 2025 Kmod: 4627603d2357a2a3f81006370894c221175893e9'
[    1.642192] localhost kernel: ata2: found unknown device (class 0)
[    1.645686] localhost kernel: Loaded X.509 cert 'Canonical Ltd. Kernel Module Signing: 88f752e560a1e0737e31163a466ad7b70a850c19'
[    1.645883] localhost kernel: sd 0:0:0:0: [sda] 67108864 512-byte logical blocks: (34.4 GB/32.0 GiB)
[    1.647654] localhost kernel: blacklist: Loading compiled-in revocation X.509 certificates
[    1.647681] localhost kernel: Loaded X.509 cert 'Canonical Ltd. Secure Boot Signing: 61482aa2830d0ab2ad5af10b7250da9033ddcef0'
[    1.652220] localhost kernel: sd 0:0:0:0: [sda] Write Protect is off
[    1.654969] localhost kernel: Loaded X.509 cert 'Canonical Ltd. Secure Boot Signing (2017): 242ade75ac4a15e50d50c84b0d45ff3eae707a03'
[    1.655881] localhost kernel: sd 0:0:0:0: [sda] Mode Sense: 63 00 10 08
[    1.660723] localhost kernel: Loaded X.509 cert 'Canonical Ltd. Secure Boot Signing (ESM 2018): 365188c1d374d6b07c3c8f240f8ef722433d6a8b'
[    1.662789] localhost kernel: ata2.00: ATAPI: QEMU DVD-ROM, 2.5+, max UDMA/100
[    1.666120] localhost kernel: Loaded X.509 cert 'Canonical Ltd. Secure Boot Signing (2019): c0746fd6c5da3ae827864651ad66ae47fe24b3e8'
[    1.668869] localhost kernel: sd 0:0:0:0: [sda] Write cache: enabled, read cache: enabled, supports DPO and FUA
[    1.675081] localhost kernel: Loaded X.509 cert 'Canonical Ltd. Secure Boot Signing (2021 v1): a8d54bbb3825cfb94fa13c9f8a594a195c107b8d'
[    1.685095] localhost kernel: Loaded X.509 cert 'Canonical Ltd. Secure Boot Signing (2021 v2): 4cf046892d6fd3c9a5b03f98d845f90851dc6a8c'
[    1.693508] localhost kernel: scsi 2:0:0:0: CD-ROM            QEMU     QEMU DVD-ROM     2.5+ PQ: 0 ANSI: 5
[    1.697319] localhost kernel: Loaded X.509 cert 'Canonical Ltd. Secure Boot Signing (2021 v3): 100437bb6de6e469b581e61cd66bce3ef4ed53af'
[    1.701719] localhost kernel: Loaded X.509 cert 'Canonical Ltd. Secure Boot Signing (Ubuntu Core 2019): c1d57b8f6b743f23ee41f4f7ee292f06eecadfb9'
[    1.716957] localhost kernel: Key type .fscrypt registered
[    1.719603] localhost kernel: Key type fscrypt-provisioning registered
[    1.736658] localhost kernel: sr 2:0:0:0: [sr0] scsi3-mmc drive: 4x/4x cd/rw xa/form2 tray
[    1.738078] localhost kernel: cdrom: Uniform CD-ROM driver Revision: 3.20
[    1.745757] localhost kernel: cryptd: max_cpu_qlen set to 1000
[    1.749644] localhost kernel: sr 2:0:0:0: Attached scsi CD-ROM sr0
[    1.749706] localhost kernel: sr 2:0:0:0: Attached scsi generic sg1 type 5
[    1.751713] localhost kernel: usb 1-1: new full-speed USB device number 2 using uhci_hcd
[    1.924101] localhost kernel: usb 1-1: New USB device found, idVendor=0627, idProduct=0001, bcdDevice= 0.00
[    1.925439] localhost kernel: usb 1-1: New USB device strings: Mfr=1, Product=3, SerialNumber=10
[    1.929770] localhost kernel: usb 1-1: Product: QEMU USB Tablet
[    1.934150] localhost kernel: usb 1-1: Manufacturer: QEMU
[    1.935435] localhost kernel: usb 1-1: SerialNumber: 28754-0000:00:01.2-1
[    4.068426] localhost kernel:  sda: sda1 sda2 sda3
[    4.070003] localhost kernel: sd 0:0:0:0: [sda] Attached SCSI disk
[    4.079329] localhost kernel: SSE version of gcm_enc/dec engaged.
[    4.127196] localhost kernel: Key type encrypted registered
[    4.128589] localhost kernel: AppArmor: AppArmor sha256 policy hashing enabled
[    4.129940] localhost kernel: ima: No TPM chip found, activating TPM-bypass!
[    4.132141] localhost kernel: Loading compiled-in module X.509 certificates
[    4.133732] localhost kernel: Loaded X.509 cert 'Build time autogenerated kernel key: 79aab6b364387381d7a5d225dcfcd094a654ef62'
[    4.135993] localhost kernel: ima: Allocated hash algorithm: sha256
[    4.137325] localhost kernel: ima: No architecture policies found
[    4.138613] localhost kernel: evm: Initialising EVM extended attributes:
[    4.139687] localhost kernel: evm: security.selinux
[    4.140731] localhost kernel: evm: security.SMACK64
[    4.141744] localhost kernel: evm: security.SMACK64EXEC
[    4.142724] localhost kernel: evm: security.SMACK64TRANSMUTE
[    4.143667] localhost kernel: evm: security.SMACK64MMAP
[    4.146586] localhost kernel: evm: security.apparmor
[    4.147468] localhost kernel: evm: security.ima
[    4.148308] localhost kernel: evm: security.capability
[    4.149102] localhost kernel: evm: HMAC attrs: 0x1
[    4.156208] localhost kernel: PM:   Magic number: 2:235:32
[    4.158437] localhost kernel: powernow_k8: Power state transitions not supported
[    4.159186] localhost kernel: powernow_k8: Power state transitions not supported
[    4.169443] localhost kernel: RAS: Correctable Errors collector initialized.
[    4.173458] localhost kernel: clk: Disabling unused clocks
[    4.176012] localhost kernel: Freeing unused decrypted memory: 2028K
[    4.183445] localhost kernel: Freeing unused kernel image (initmem) memory: 4924K
[    4.184364] localhost kernel: Write protecting the kernel read-only data: 38912k
[    4.192499] localhost kernel: Freeing unused kernel image (rodata/data gap) memory: 1964K
[    4.298208] localhost kernel: x86/mm: Checked W+X mappings: passed, no W+X pages found.
[    4.298969] localhost kernel: Run /init as init process
[    4.299511] localhost kernel:   with arguments:
[    4.299513] localhost kernel:     /init
[    4.299514] localhost kernel:   with environment:
[    4.299515] localhost kernel:     HOME=/
[    4.299515] localhost kernel:     TERM=linux
[    4.666633] localhost kernel: FDC 0 is a S82078B
[    4.723197] localhost kernel: virtio_net virtio2 ens18: renamed from eth0
[    4.748013] localhost kernel: Console: switching to colour dummy device 80x25
[    4.792031] localhost kernel: bochs-drm 0000:00:02.0: vgaarb: deactivate vga console
[    4.795624] localhost kernel: hid: raw HID events driver (C) Jiri Kosina
[    4.805783] localhost kernel: [drm] Found bochs VGA, ID 0xb0c5.
[    4.805788] localhost kernel: [drm] Framebuffer size 16384 kB @ 0xfd000000, mmio @ 0xfea50000.
[    4.814514] localhost kernel: [drm] Found EDID data blob.
[    4.814634] localhost kernel: [drm] Initialized bochs-drm 1.0.0 20130925 for 0000:00:02.0 on minor 0
[    4.836421] localhost kernel: fbcon: bochs-drmdrmfb (fb0) is primary device
[    4.911954] localhost kernel: input: VirtualPS/2 VMware VMMouse as /devices/platform/i8042/serio1/input/input4
[    4.931876] localhost kernel: input: VirtualPS/2 VMware VMMouse as /devices/platform/i8042/serio1/input/input3
[    4.932189] localhost kernel: usbcore: registered new interface driver usbhid
[    4.932191] localhost kernel: usbhid: USB HID core driver
[    4.962205] localhost kernel: input: QEMU QEMU USB Tablet as /devices/pci0000:00/0000:00:01.2/usb1/1-1/1-1:1.0/0003:0627:0001.0001/input/input5
[    4.962272] localhost kernel: hid-generic 0003:0627:0001.0001: input,hidraw0: USB HID v0.01 Mouse [QEMU QEMU USB Tablet] on usb-0000:00:01.2-1/input0
[    5.047425] localhost kernel: Console: switching to colour frame buffer device 160x50
[    5.048289] localhost kernel: bochs-drm 0000:00:02.0: [drm] fb0: bochs-drmdrmfb frame buffer device
[    7.155132] localhost kernel: random: crng init done
[    7.700119] localhost kernel: raid6: sse2x4   gen() 12372 MB/s
[    7.717119] localhost kernel: raid6: sse2x2   gen()  2811 MB/s
[    7.734197] localhost kernel: raid6: sse2x1   gen()  1230 MB/s
[    7.734210] localhost kernel: raid6: using algorithm sse2x4 gen() 12372 MB/s
[    7.751147] localhost kernel: raid6: .... xor() 5627 MB/s, rmw enabled
[    7.751160] localhost kernel: raid6: using ssse3x2 recovery algorithm
[    7.776176] localhost kernel: xor: measuring software checksum speed
[    7.776341] localhost kernel:    prefetch64-sse  : 21830 MB/sec
[    7.776523] localhost kernel:    generic_sse     : 19302 MB/sec
[    7.776534] localhost kernel: xor: using function: prefetch64-sse (21830 MB/sec)
[    7.786760] localhost kernel: async_tx: api initialized (async)
[    8.077377] localhost kernel: Btrfs loaded, zoned=yes, fsverity=yes
[    8.112126] localhost kernel: workqueue: drm_fb_helper_damage_work hogged CPU for >10000us 4 times, consider switching to WQ_UNBOUND
[    8.495325] localhost kernel: EXT4-fs (dm-0): mounted filesystem 78dfc1ab-05ce-40b9-a2f8-2f3e03168145 ro with ordered data mode. Quota mode: none.
[    8.612115] localhost kernel: workqueue: drm_fb_helper_damage_work hogged CPU for >10000us 8 times, consider switching to WQ_UNBOUND
[?2004hroot@eltex-practice2-v2:~# man awl[Kk
[?2004l[?1049h[?1h=[4mGAWK[24m(1)                                                      Utility Commands                                                     [4mGAWK[24m(1)[m
[m
[1mNAME[0m[m
       gawk - pattern scanning and processing language[m
[m
[1mSYNOPSIS[0m[m
       [1mgawk [22m[ POSIX or GNU style options ] [1m-f [4m[22mprogram-file[24m [ [1m-- [22m] file ...[m
       [1mgawk [22m[ POSIX or GNU style options ] [ [1m-- [22m] [4mprogram-text[24m file ...[m
[m
[1mDESCRIPTION[0m[m
       [4mGawk[24m  is  the  GNU Project's implementation of the AWK programming language.  It conforms to the definition of the language in the[m
       POSIX 1003.1 standard.  This version in turn is based on the description in [4mThe[24m [4mAWK[24m [4mProgramming[24m [4mLanguage[24m, by Aho,  Kernighan,  and[m
       Weinberger.  [4mGawk[24m provides the additional features found in the current version of Brian Kernighan's [4mawk[24m and numerous GNU-specific[m
       extensions.[m
[m
       The  command  line consists of options to [4mgawk[24m itself, the AWK program text (if not supplied via the [1m-f [22mor [1m--include [22moptions), and[m
       values to be made available in the [1mARGC [22mand [1mARGV [22mpre-defined AWK variables.[m
[m
[1mPREFACE[0m[m
       This manual page is intentionally as terse as possible.  Full details are provided in [4mGAWK:[24m [4mEffective[24m  [4mAWK[24m  [4mProgramming[24m,  and  you[m
       should  look there for the full story on any specific feature.  Where possible, links to the online version of the manual are pro‐[m
       vided.[m
[m
[1mOPTION FORMAT[0m[m
       [4mGawk[24m options may be either traditional POSIX-style one letter options, or GNU-style long options.  POSIX options start with a sin‐[m
       gle “-”, while long options start with “--”.  Long options are provided for both GNU-specific features and for POSIX-mandated fea‐[m
       tures.[m
[m
       [4mGawk[24m-specific options are typically used in long-option form.  Arguments to long options are either joined with the option by an [1m=[0m[m
       sign, with no intervening spaces, or they may be provided in the next command line argument.  Long options may be abbreviated,  as[m
       long as the abbreviation remains unique.[m
[m
       Additionally,  every  long  option has a corresponding short option, so that the option's functionality may be used from within [1m#![0m[m
       executable scripts.[m
[m
[1mOPTIONS[0m[m
       [4mGawk[24m accepts the following options.  Standard options are listed first, followed by options for [4mgawk[24m extensions, listed alphabeti‐[m
       cally by short option.[m
[m
       [1m-f [4m[22mprogram-file[24m, [1m--file [4m[22mprogram-file[0m[m
              Read the AWK program source from the file [4mprogram-file[24m, instead of from the first command line argument.  Multiple  [1m-f  [22mop‐[m
              tions may be used.  Files read with [1m-f [22mare treated as if they begin with an implicit [1m@namespace "awk" [22mstatement.[m
[m
       [1m-F [4m[22mfs[24m, [1m--field-separator [4m[22mfs[0m[m
              Use [4mfs[24m for the input field separator (the value of the [1mFS [22mpredefined variable).[m
[m
       [1m-v [4m[22mvar[24m[1m=[4m[22mval[24m, [1m--assign [4m[22mvar[24m[1m=[4m[22mval[0m[m
              Assign  the  value  [4mval[24m to the variable [4mvar[24m, before execution of the program begins.  Such variable values are available to[m
              the [1mBEGIN [22mrule of an AWK program.[m
[m
       [1m-b[22m, [1m--characters-as-bytes[0m[m
              Treat all input data as single-byte characters.  The [1m--posix [22moption overrides this one.[m
[m
[3m Manual page awk(1) line 1 (press h for help or q to quit)[23m[K[K[?1l>[?1049l[?2004hroot@eltex-practice2-v2:~# find /var/log -name ""a"u"t"h"."l"o"g"[C -tyoe[K[Koe[K[Kpe f -exec ae[Kwk '{'s'u'[1P'o'u'r'c'e' '='[1P'[1P'='$'5';' '$'1'='$'2'='$'3'='$'4'='$'5'='"'"';'[Kroot@eltex-practice2-v2:~# find /var/log -name "auth.log" -type f -exec awk '{source=$5; $1=$2=$3=$4=$5="";'[Kroot@eltex-practice2-v2:~# find /var/log -name "auth.log" -type f -exec awk '{source=$5; $1=$2=$3=$4=$5="";' 'p'r'i'n't' 's'o'u'r'c'e'.'[1P'.'[1P'/'[1P','[1P'.'[1P'.'[1P',' '$'0'}'[C {} + | sed -T[KE  ''s'/'\'['['0'-'9']'+'\']'/'/'g'[C | sort -k1,1[KM[Kroot@eltex-practice2-v2:~# find /var/log -name "auth.log" -type f -exec awk '{source=$5; $1=$2=$3=$4=$5=""; print source, $0}' {} + | sed -E 's/\[[0-9]+\]//g' | sort -k1,1[Kroot@eltex-practice2-v2:~# find /var/log -name "auth.log" -type f -exec awk '{source=$5; $1=$2=$3=$4=$5=""; print source, $0}' {} + | sed -E 's/\[[0-9]+\]//g' | sort -k1,1[Kroot@eltex-practice2-v2:~# find /var/log -name "auth.log" -type f -exec awk '{source=$5; $1=$2=$3=$4=$5=""; print source, $0}' {} + | sed -E 's/\[[0-9]+\]//g' | sort -k1,1[Kroot@eltex-practice2-v2:~# find /var/log -name "auth.log" -type f -exec awk '{source=$5; $1=$2=$3=$4=$5=""; print source, $0}' {} + | sed -E 's/\[[0-9]+\]//g' | sort -k1,1
[?2004l:      command not allowed ; TTY=pts/0 ; PWD=/home/user1 ; USER=root ; COMMAND=/usr/bin/ls /root
:      TTY=pts/0 ; PWD=/home/user1 ; USER=root ; COMMAND=/usr/bin/dmesg
108      logged out. Waiting for processes to exit.
disconnect      from 172.16.8.4 port 47062:11: disconnected by user
from      user root 172.16.8.4 port 47062
password      expiry for user1
password      expiry for user2
password      expiry for user3
publickey      for root from 172.16.8.4 port 39686 ssh2: RSA SHA256:VEhZtBfDleNHW1wsG4a8mMrHK16rxZwpfH2dt8roSrQ
session      108.
session      509 of user root.
session      closed for user root
session      closed for user root
session      closed for user root
session      closed for user root
session      closed for user root
session      closed for user root
session      closed for user root
session      closed for user root
session      closed for user root
session      closed for user root
session      closed for user root
session      closed for user root
session      closed for user root
session      closed for user root
session      closed for user root
session      closed for user root
session      closed for user root
session      closed for user root
session      closed for user root
session      closed for user root
session      closed for user root
session      closed for user root
session      closed for user root
session      closed for user root
session      closed for user root
session      closed for user root
session      closed for user root
session      closed for user root
session      closed for user root
session      closed for user root
session      closed for user root
session      closed for user root
session      closed for user root
session      closed for user root
session      closed for user root
session      closed for user root
session      closed for user root
session      closed for user root
session      closed for user root
session      closed for user root
session      closed for user root
session      closed for user root
session      closed for user root
session      closed for user root
session      closed for user root
session      closed for user root
session      closed for user root
session      closed for user root
session      closed for user root
session      closed for user root
session      closed for user root
session      closed for user root
session      closed for user root
session      closed for user root
session      closed for user root
session      closed for user root
session      closed for user root
session      closed for user root
session      closed for user root
session      closed for user root
session      closed for user root
session      closed for user root
session      closed for user root
session      closed for user root
session      closed for user root
session      closed for user root
session      closed for user root
session      closed for user root
session      closed for user root
session      closed for user root
session      closed for user root
session      closed for user root
session      closed for user root
session      closed for user root
session      closed for user root
session      closed for user root
session      closed for user root
session      closed for user root
session      closed for user root
session      closed for user root
session      closed for user root
session      closed for user root
session      closed for user root
session      closed for user root
session      closed for user root
session      closed for user root
session      closed for user root
session      closed for user root
session      closed for user root
session      closed for user root
session      closed for user root
session      closed for user root
session      closed for user root
session      closed for user root
session      closed for user root
session      closed for user root
session      closed for user root
session      closed for user root
session      closed for user user1
session      closed for user user2
session      closed for user user2
session      opened for user root(uid=0) by root(uid=0)
session      opened for user root(uid=0) by root(uid=0)
session      opened for user root(uid=0) by root(uid=0)
session      opened for user root(uid=0) by root(uid=0)
session      opened for user root(uid=0) by root(uid=0)
session      opened for user root(uid=0) by root(uid=0)
session      opened for user root(uid=0) by root(uid=0)
session      opened for user root(uid=0) by root(uid=0)
session      opened for user root(uid=0) by root(uid=0)
session      opened for user root(uid=0) by root(uid=0)
session      opened for user root(uid=0) by root(uid=0)
session      opened for user root(uid=0) by root(uid=0)
session      opened for user root(uid=0) by root(uid=0)
session      opened for user root(uid=0) by root(uid=0)
session      opened for user root(uid=0) by root(uid=0)
session      opened for user root(uid=0) by root(uid=0)
session      opened for user root(uid=0) by root(uid=0)
session      opened for user root(uid=0) by root(uid=0)
session      opened for user root(uid=0) by root(uid=0)
session      opened for user root(uid=0) by root(uid=0)
session      opened for user root(uid=0) by root(uid=0)
session      opened for user root(uid=0) by root(uid=0)
session      opened for user root(uid=0) by root(uid=0)
session      opened for user root(uid=0) by root(uid=0)
session      opened for user root(uid=0) by root(uid=0)
session      opened for user root(uid=0) by root(uid=0)
session      opened for user root(uid=0) by root(uid=0)
session      opened for user root(uid=0) by root(uid=0)
session      opened for user root(uid=0) by root(uid=0)
session      opened for user root(uid=0) by root(uid=0)
session      opened for user root(uid=0) by root(uid=0)
session      opened for user root(uid=0) by root(uid=0)
session      opened for user root(uid=0) by root(uid=0)
session      opened for user root(uid=0) by root(uid=0)
session      opened for user root(uid=0) by root(uid=0)
session      opened for user root(uid=0) by root(uid=0)
session      opened for user root(uid=0) by root(uid=0)
session      opened for user root(uid=0) by root(uid=0)
session      opened for user root(uid=0) by root(uid=0)
session      opened for user root(uid=0) by root(uid=0)
session      opened for user root(uid=0) by root(uid=0)
session      opened for user root(uid=0) by root(uid=0)
session      opened for user root(uid=0) by root(uid=0)
session      opened for user root(uid=0) by root(uid=0)
session      opened for user root(uid=0) by root(uid=0)
session      opened for user root(uid=0) by root(uid=0)
session      opened for user root(uid=0) by root(uid=0)
session      opened for user root(uid=0) by root(uid=0)
session      opened for user root(uid=0) by root(uid=0)
session      opened for user root(uid=0) by root(uid=0)
session      opened for user root(uid=0) by root(uid=0)
session      opened for user root(uid=0) by root(uid=0)
session      opened for user root(uid=0) by root(uid=0)
session      opened for user root(uid=0) by root(uid=0)
session      opened for user root(uid=0) by root(uid=0)
session      opened for user root(uid=0) by root(uid=0)
session      opened for user root(uid=0) by root(uid=0)
session      opened for user root(uid=0) by root(uid=0)
session      opened for user root(uid=0) by root(uid=0)
session      opened for user root(uid=0) by root(uid=0)
session      opened for user root(uid=0) by root(uid=0)
session      opened for user root(uid=0) by root(uid=0)
session      opened for user root(uid=0) by root(uid=0)
session      opened for user root(uid=0) by root(uid=0)
session      opened for user root(uid=0) by root(uid=0)
session      opened for user root(uid=0) by root(uid=0)
session      opened for user root(uid=0) by root(uid=0)
session      opened for user root(uid=0) by root(uid=0)
session      opened for user root(uid=0) by root(uid=0)
session      opened for user root(uid=0) by root(uid=0)
session      opened for user root(uid=0) by root(uid=0)
session      opened for user root(uid=0) by root(uid=0)
session      opened for user root(uid=0) by root(uid=0)
session      opened for user root(uid=0) by root(uid=0)
session      opened for user root(uid=0) by root(uid=0)
session      opened for user root(uid=0) by root(uid=0)
session      opened for user root(uid=0) by root(uid=0)
session      opened for user root(uid=0) by root(uid=0)
session      opened for user root(uid=0) by root(uid=0)
session      opened for user root(uid=0) by root(uid=0)
session      opened for user root(uid=0) by root(uid=0)
session      opened for user root(uid=0) by root(uid=0)
session      opened for user root(uid=0) by root(uid=0)
session      opened for user root(uid=0) by root(uid=0)
session      opened for user root(uid=0) by root(uid=0)
session      opened for user root(uid=0) by root(uid=0)
session      opened for user root(uid=0) by root(uid=0)
session      opened for user root(uid=0) by root(uid=0)
session      opened for user root(uid=0) by root(uid=0)
session      opened for user root(uid=0) by root(uid=0)
session      opened for user root(uid=0) by root(uid=0)
session      opened for user root(uid=0) by root(uid=0)
session      opened for user root(uid=0) by root(uid=0)
session      opened for user root(uid=0) by root(uid=0)
session      opened for user root(uid=0) by root(uid=0)
session      opened for user root(uid=0) by root(uid=0)
session      opened for user root(uid=0) by root(uid=0)
session      opened for user root(uid=0) by root(uid=0)
session      opened for user root(uid=0) by root(uid=1001)
session      opened for user user1(uid=1001) by root(uid=0)
session      opened for user user2(uid=1002) by root(uid=0)
session      opened for user user2(uid=1002) by root(uid=0)
user1)      root on pts/0
user2)      root on pts/0
user2)      root on pts/0
[?2004hroot@eltex-practice2-v2:~# find /var/log -name "auth.log" -type f -exec awk '{source=$5; $1=$2=$3=$4=$5=""; print source, $0}' {} + | sed -E 's/\[[0-9]+\]//g' | sort -k1,1Mman awk[K
[KM[C[C[C[C[C[C[C[C[C[C[C[C[C[C[C[C[C[C[C[C[C[C[C[C[C[C[C[C[C[C[C[C[C[Cjournalctl -b -o short-monotonic | awk -F'[][]' '$2 < 20'[C[C[C[C[C[C[C[C[C[C[C[C[C[C[C[C[C[C[C[C[C[C[C[C[C[C[Cexit[Kcho $MYUSERdiff /root/etc_backup_gzip/motd /root/etc_backup_7zip/motd[C[C[C[C[C[C[C[C[C[C[C[C[C[C[C[C[C[C[C[C[C[C[C[C[C[C[C7z x /root/backup_7zip.tar.7z -so | tar -xf - -C /root/etc_backup_7zip/[C[C[C[C[C[C[C[C[C[C[C[C[C[C[C[C[C[C[C[C[C[C[C[C[C[C[C[12Ptar -xzf /root/backup_gzip.tar.gz -C /root/etc_backup_gzip/[C[C[C[C[C[C[C[C[C[C[C[C[C[C[C[C[C[C[C[C[C[C[C[C[C[C[C[7Pmkdir -p /root/etc_backup_gzip /root/etc_backup_7zip[C[C[C[C[C[C[C[C[C[C[C[C[C[C[C[C[C[C[C[C[C[C[C[C[C[C[C[Can diff[Ktar -djf /root/backup_bzip2.tar.bz2 -C /root/etc_backup ./[C[C[C[C[C[C[C[C[C[C[C[C[C[C[C[C[C[C[C[C[C[C[C[C[C[C[C[C[C[C[C[C[2Pczf /root/backup_gzip.tar.gz -C /root/etc_backup .[C[C[C[C[C[C[C[C[C[C[C[C[C[C[C[C[C[C[C[C[C[C[C[C[C[C[C[C[C[C[C[Cdjf /root/backup_bzip2.tar.bz2 -C /root/etc_backup /.[C[C[C[C[C[C[C[C[C[C[C[C[C[C[C[C[C[C[C[C[C[C[C[C[C[C[Cman diff[Kkdir -p /root/etc_backup_gzip /root/etc_backup_7zip[C[C[C[C[C[C[C[C[C[C[C[C[C[C[C[C[C[C[C[C[C[C[C[C[C[C[Ctar -xzf /root/backup_gzip.tar.gz -C /root/etc_backup_gzip/[C[C[C[C[C[C[C[C[C[C[C[C[C[C[C[C[C[C[C[C[C[C[C[C[C[C[C7z x /root/backup_7zip.tar.7z -so | tar -xf - -C /root/etc_backup_7zip/[C[C[C[C[C[C[C[C[C[C[C[C[C[C[C[C[C[C[C[C[C[C[C[C[C[C[C[13Pdiff /root/etc_backup_gzip/motd /root/etc_backup_7zip/motd[C[C[C[C[C[C[C[C[C[C[C[C[C[C[C[C[C[C[C[C[C[C[C[C[C[C[Cecho $MYUSER[Kxit[Kjournalctl -b -o short-monotonic | awk -F'[][]' '$2 < 20'[C[C[C[C[C[C[C[C[C[C[C[C[C[C[C[C[C[C[C[C[C[C[C[C[C[C[Cman awk[Kfind /var/log -name "auth.log" -type f -exec awk '{source=$5; $1=$2=$3=$4=$5=""; print source, $0}' {} + | sed -E 's/\[[0-9]+\]//g' | sort -k1,1M[K
[KM[C[C[C[C[C[C[C[C[C[C[C[C[C[C[C[C[C[C[C[C[C[C[C[C[C[C[C[Kroot@eltex-practice2-v2:~# [Kroot@eltex-practice2-v2:~# [Kroot@eltex-practice2-v2:~# [Kroot@eltex-practice2-v2:~# find /var/log -name ""a"u"t"h"."l"o"g"[C -type f -exec ae[Kwk ''{'}'s}'u}'[1P}'o}'u}'r}'c}'e}' }'[1P}'=}'$}'5}';}' }'p}'r}'i}'n}'t}' }'s}'o}'u}'r}'c}'e}'[C[C {} + | sed -T[KE ''s'/'\'['['0'-'9']'+'\':'/'/'g'[C | sor t \[K| uniq -c | sort -rn[KM[Kroot@eltex-practice2-v2:~# find /var/log -name "auth.log" -type f -exec awk '{source=$5; print source}' {} + | sed -E 's/\[[0-9]+\://g' | sort | uniq -c | sort -rn[KM[Kroot@eltex-practice2-v2:~# find /var/log -name "auth.log" -type f -exec awk '{source=$5; print source}' {} + | sed -E 's/\[[0-9]+\://g' | sort | uniq -c | sort -rn
[?2004l    205 session
      3 password
      2 user2)
      2 :
      1 user1)
      1 publickey
      1 from
      1 disconnect
      1 108
